Archive member included to satisfy reference by file (symbol)

.\CortexM0p\ARM_GCC_541\Debug\CMAS.a(SW_Tx_UART.o)
                              .\CortexM0p\ARM_GCC_541\Debug\main.o (SW_Tx_UART_Start)
.\CortexM0p\ARM_GCC_541\Debug\CMAS.a(CapSense_Control.o)
                              .\CortexM0p\ARM_GCC_541\Debug\main.o (CapSense_Start)
.\CortexM0p\ARM_GCC_541\Debug\CMAS.a(CapSense_Processing.o)
                              .\CortexM0p\ARM_GCC_541\Debug\CMAS.a(CapSense_Control.o) (CapSense_DpInitialize)
.\CortexM0p\ARM_GCC_541\Debug\CMAS.a(CapSense_Structure.o)
                              .\CortexM0p\ARM_GCC_541\Debug\CMAS.a(CapSense_Control.o) (CapSense_DsInitialize)
.\CortexM0p\ARM_GCC_541\Debug\CMAS.a(CapSense_Tuner.o)
                              .\CortexM0p\ARM_GCC_541\Debug\CMAS.a(CapSense_Control.o) (CapSense_TuInitialize)
.\CortexM0p\ARM_GCC_541\Debug\CMAS.a(CapSense_Filter.o)
                              .\CortexM0p\ARM_GCC_541\Debug\CMAS.a(CapSense_Control.o) (CapSense_FtInitialize)
.\CortexM0p\ARM_GCC_541\Debug\CMAS.a(CapSense_Sensing.o)
                              .\CortexM0p\ARM_GCC_541\Debug\main.o (CapSense_IsBusy)
.\CortexM0p\ARM_GCC_541\Debug\CMAS.a(CapSense_SensingCSD_LL.o)
                              .\CortexM0p\ARM_GCC_541\Debug\CMAS.a(CapSense_Sensing.o) (CapSense_SsCSDInitialize)
.\CortexM0p\ARM_GCC_541\Debug\CMAS.a(CapSense_SelfTest.o)
                              .\CortexM0p\ARM_GCC_541\Debug\CMAS.a(CapSense_Sensing.o) (CapSense_BistDisableMode)
.\CortexM0p\ARM_GCC_541\Debug\CMAS.a(CapSense_ISR.o)
                              .\CortexM0p\ARM_GCC_541\Debug\CMAS.a(CapSense_Sensing.o) (CapSense_ISR_StartEx)
.\CortexM0p\ARM_GCC_541\Debug\CMAS.a(CyLib.o)
                              .\CortexM0p\ARM_GCC_541\Debug\CMAS.a(CapSense_SensingCSD_LL.o) (CyIntEnable)
.\CortexM0p\ARM_GCC_541\Debug\CMAS.a(CyLFClk.o)
                              .\CortexM0p\ARM_GCC_541\Debug\CMAS.a(CyLib.o) (CySysClkWcoEnabled)
.\CortexM0p\ARM_GCC_541\Debug\CMAS.a(SW_Tx_UART_AsmGnu.o)
                              .\CortexM0p\ARM_GCC_541\Debug\CMAS.a(SW_Tx_UART.o) (SW_Tx_UART_PutChar)
.\CortexM0p\ARM_GCC_541\Debug\CMAS.a(CyBootAsmGnu.o)
                              .\CortexM0p\ARM_GCC_541\Debug\CMAS.a(CapSense_SelfTest.o) (CyDelayCycles)
.\CortexM0p\ARM_GCC_541\Debug\CMAS.a(CapSense_INT.o)
                              .\CortexM0p\ARM_GCC_541\Debug\CMAS.a(CapSense_SensingCSD_LL.o) (CapSense_CSDPostSingleScan)
.\CortexM0p\ARM_GCC_541\Debug\CMAS.a(CyFlash.o)
                              .\CortexM0p\ARM_GCC_541\Debug\CMAS.a(CyLib.o) (CySysFlashSetWaitCycles)
c:/users/mstai/onedrive/desktop/tesi robotica/psoc creator/4.2/psoc creator/import/gnu/arm/5.4.1/bin/../lib/gcc/arm-none-eabi/5.4.1/armv6-m\libgcc.a(_udivsi3.o)
                              .\CortexM0p\ARM_GCC_541\Debug\CMAS.a(CapSense_Sensing.o) (__aeabi_uidiv)
c:/users/mstai/onedrive/desktop/tesi robotica/psoc creator/4.2/psoc creator/import/gnu/arm/5.4.1/bin/../lib/gcc/arm-none-eabi/5.4.1/armv6-m\libgcc.a(_divsi3.o)
                              .\CortexM0p\ARM_GCC_541\Debug\CMAS.a(CapSense_SelfTest.o) (__aeabi_idiv)
c:/users/mstai/onedrive/desktop/tesi robotica/psoc creator/4.2/psoc creator/import/gnu/arm/5.4.1/bin/../lib/gcc/arm-none-eabi/5.4.1/armv6-m\libgcc.a(_dvmd_tls.o)
                              c:/users/mstai/onedrive/desktop/tesi robotica/psoc creator/4.2/psoc creator/import/gnu/arm/5.4.1/bin/../lib/gcc/arm-none-eabi/5.4.1/armv6-m\libgcc.a(_udivsi3.o) (__aeabi_idiv0)
c:/users/mstai/onedrive/desktop/tesi robotica/psoc creator/4.2/psoc creator/import/gnu/arm/5.4.1/bin/../lib/gcc/arm-none-eabi/5.4.1/armv6-m\libgcc.a(_aeabi_uldivmod.o)
                              .\CortexM0p\ARM_GCC_541\Debug\CMAS.a(CapSense_SelfTest.o) (__aeabi_uldivmod)
c:/users/mstai/onedrive/desktop/tesi robotica/psoc creator/4.2/psoc creator/import/gnu/arm/5.4.1/bin/../lib/gcc/arm-none-eabi/5.4.1/armv6-m\libgcc.a(_muldi3.o)
                              .\CortexM0p\ARM_GCC_541\Debug\CMAS.a(CapSense_SelfTest.o) (__aeabi_lmul)
c:/users/mstai/onedrive/desktop/tesi robotica/psoc creator/4.2/psoc creator/import/gnu/arm/5.4.1/bin/../lib/gcc/arm-none-eabi/5.4.1/armv6-m\libgcc.a(_udivmoddi4.o)
                              c:/users/mstai/onedrive/desktop/tesi robotica/psoc creator/4.2/psoc creator/import/gnu/arm/5.4.1/bin/../lib/gcc/arm-none-eabi/5.4.1/armv6-m\libgcc.a(_aeabi_uldivmod.o) (__udivmoddi4)
c:/users/mstai/onedrive/desktop/tesi robotica/psoc creator/4.2/psoc creator/import/gnu/arm/5.4.1/bin/../lib/gcc/arm-none-eabi/5.4.1/armv6-m\libgcc.a(_clzdi2.o)
                              c:/users/mstai/onedrive/desktop/tesi robotica/psoc creator/4.2/psoc creator/import/gnu/arm/5.4.1/bin/../lib/gcc/arm-none-eabi/5.4.1/armv6-m\libgcc.a(_udivmoddi4.o) (__clzdi2)
c:/users/mstai/onedrive/desktop/tesi robotica/psoc creator/4.2/psoc creator/import/gnu/arm/5.4.1/bin/../lib/gcc/arm-none-eabi/5.4.1/armv6-m\libgcc.a(_clzsi2.o)
[...]
Memory Configuration

Name             Origin             Length             Attributes
rom              0x00000000         0x00020000         xr
ram              0x20000000         0x00004000         xrw
*default*        0x00000000         0xffffffff

Linker script and memory map

LOAD c:/users/mstai/onedrive/desktop/tesi robotica/psoc creator/4.2/psoc creator/import/gnu/arm/5.4.1/bin/../lib/gcc/arm-none-eabi/5.4.1/armv6-m/crti.o
LOAD c:/users/mstai/onedrive/desktop/tesi robotica/psoc creator/4.2/psoc creator/import/gnu/arm/5.4.1/bin/../lib/gcc/arm-none-eabi/5.4.1/armv6-m/crtbegin.o
LOAD c:/users/mstai/onedrive/desktop/tesi robotica/psoc creator/4.2/psoc creator/import/gnu/arm/5.4.1/bin/../lib/gcc/arm-none-eabi/5.4.1/../../../../arm-none-eabi/lib/armv6-m/crt0.o
START GROUP
LOAD .\CortexM0p\ARM_GCC_541\Debug\main.o
LOAD .\CortexM0p\ARM_GCC_541\Debug\cyfitter_cfg.o
LOAD .\CortexM0p\ARM_GCC_541\Debug\cymetadata.o
LOAD .\CortexM0p\ARM_GCC_541\Debug\Cm0plusStart.o
LOAD .\CortexM0p\ARM_GCC_541\Debug\CMAS.a
LOAD ..\..\..\Documenti\PSoC Creator\4.2\Downloads ( 4.2).cylib\CapSense_P4_v7_0\PSoC4\Library\Capsense_P4Library_GCCp.a
END GROUP
START GROUP
LOAD c:/users/mstai/onedrive/desktop/tesi robotica/psoc creator/4.2/psoc creator/import/gnu/arm/5.4.1/bin/../lib/gcc/arm-none-eabi/5.4.1/armv6-m\libgcc.a
LOAD c:/users/mstai/onedrive/desktop/tesi robotica/psoc creator/4.2/psoc creator/import/gnu/arm/5.4.1/bin/../lib/gcc/arm-none-eabi/5.4.1/../../../../arm-none-eabi/lib/armv6-m\libg_nano.a
LOAD c:/users/mstai/onedrive/desktop/tesi robotica/psoc creator/4.2/psoc creator/import/gnu/arm/5.4.1/bin/../lib/gcc/arm-none-eabi/5.4.1/../../../../arm-none-eabi/lib/armv6-m\libc_nano.a
END GROUP
START GROUP
LOAD c:/users/mstai/onedrive/desktop/tesi robotica/psoc creator/4.2/psoc creator/import/gnu/arm/5.4.1/bin/../lib/gcc/arm-none-eabi/5.4.1/armv6-m\libgcc.a
LOAD c:/users/mstai/onedrive/desktop/tesi robotica/psoc creator/4.2/psoc creator/import/gnu/arm/5.4.1/bin/../lib/gcc/arm-none-eabi/5.4.1/../../../../arm-none-eabi/lib/armv6-m\libc_nano.a
END GROUP
LOAD c:/users/mstai/onedrive/desktop/tesi robotica/psoc creator/4.2/psoc creator/import/gnu/arm/5.4.1/bin/../lib/gcc/arm-none-eabi/5.4.1/armv6-m/crtend.o
LOAD c:/users/mstai/onedrive/desktop/tesi robotica/psoc creator/4.2/psoc creator/import/gnu/arm/5.4.1/bin/../lib/gcc/arm-none-eabi/5.4.1/armv6-m/crtn.o
START GROUP
LOAD c:/users/mstai/onedrive/desktop/tesi robotica/psoc creator/4.2/psoc creator/import/gnu/arm/5.4.1/bin/../lib/gcc/arm-none-eabi/5.4.1/armv6-m\libgcc.a
LOAD c:/users/mstai/onedrive/desktop/tesi robotica/psoc creator/4.2/psoc creator/import/gnu/arm/5.4.1/bin/../lib/gcc/arm-none-eabi/5.4.1/../../../../arm-none-eabi/lib/armv6-m\libc.a
LOAD c:/users/mstai/onedrive/desktop/tesi robotica/psoc creator/4.2/psoc creator/import/gnu/arm/5.4.1/bin/../lib/gcc/arm-none-eabi/5.4.1/../../../../arm-none-eabi/lib/armv6-m\libnosys.a
END GROUP
                0x00000000                CY_APPL_ORIGIN = 0x0
                0x00000100                CY_FLASH_ROW_SIZE = 0x100
                0x00000001                CY_APPL_NUM = 0x1
                0x00000001                CY_APPL_MAX = 0x1
                0x00000040                CY_METADATA_SIZE = 0x40
                0x00000000                CY_APPL_LOADABLE = 0x0
                0x00000000                CY_CHECKSUM_EXCLUDE_SIZE = ALIGN (0x0, CY_FLASH_ROW_SIZE)
                0x00000000                CY_APP_FOR_STACK_AND_COPIER = 0x0
                [!provide]                PROVIDE (__cy_heap_start, _end)
                0x00000001                PROVIDE (__cy_region_num, ((__cy_regions_end - __cy_regions) / 0x10))
                0x20004000                PROVIDE (__cy_stack, (ORIGIN (ram) + LENGTH (ram)))
                [!provide]                PROVIDE (__cy_heap_end, (__cy_stack - 0x400))

.cybootloader   0x00000000        0x0
 *(.cybootloader)
                0x00000000                appl1_start = CY_APPL_ORIGIN?CY_APPL_ORIGIN:ALIGN (CY_FLASH_ROW_SIZE)
                0x0000ff00                appl2_start = (appl1_start + ALIGN ((((LENGTH (rom) - appl1_start) - (0x2 * CY_FLASH_ROW_SIZE)) / 0x2), CY_FLASH_ROW_SIZE))
                0x00000000                appl_start = (CY_APPL_NUM == 0x1)?appl1_start:appl2_start
                0x00000001                cy_project_type_bootloader = (appl_start == 0x0)?0x1:0x0
                0x00000000                cy_project_type_app_for_stack_and_copier = (CY_APP_FOR_STACK_AND_COPIER == 0x1)?0x1:0x0

.text           0x00000000     0x3452
 CREATE_OBJECT_SYMBOLS
                0x00000000                PROVIDE (__cy_interrupt_vector, RomVectors)
 *(.romvectors)
 .romvectors    0x00000000       0x10 .\CortexM0p\ARM_GCC_541\Debug\Cm0plusStart.o
                0x00000000                RomVectors
                0x00000001                ASSERT ((. != __cy_interrupt_vector), No interrupt vector)
                0x00000001                ASSERT (CY_APPL_ORIGIN?(SIZEOF (.cybootloader) <= CY_APPL_ORIGIN):0x1, Wrong image location)
                0x00000010                PROVIDE (__cy_reset, Reset)
 *(.text.Reset)
 .text.Reset    0x00000010        0xc .\CortexM0p\ARM_GCC_541\Debug\Cm0plusStart.o
                0x00000010                Reset
                0x00000001                ASSERT ((. != __cy_reset), No reset code)
 *(.psocinit)
 .psocinit      0x0000001c       0x98 .\CortexM0p\ARM_GCC_541\Debug\cyfitter_cfg.o
                0x00000070                cyfitter_cfg
                0x00000100                . = MAX (., 0x100)
 *fill*         0x000000b4       0x4c 
 *(.text .text.* .gnu.linkonce.t.*)
 .text          0x00000100       0x60 c:/users/mstai/onedrive/desktop/tesi robotica/psoc creator/4.2/psoc creator/import/gnu/arm/5.4.1/bin/../lib/gcc/arm-none-eabi/5.4.1/armv6-m/crtbegin.o
 .text.main     0x00000160       0x5c .\CortexM0p\ARM_GCC_541\Debug\main.o
                0x00000160                main
 .text.AnalogSetDefault
                0x000001bc       0x20 .\CortexM0p\ARM_GCC_541\Debug\cyfitter_cfg.o
 .text.IntDefaultHandler
                0x000001dc       0x10 .\CortexM0p\ARM_GCC_541\Debug\Cm0plusStart.o
                0x000001dc                IntDefaultHandler
 .text._sbrk    0x000001ec       0x34 .\CortexM0p\ARM_GCC_541\Debug\Cm0plusStart.o
                0x000001ec                _sbrk
 .text.Start_c  0x00000220       0x48 .\CortexM0p\ARM_GCC_541\Debug\Cm0plusStart.o
                0x00000220                Start_c
 .text.initialize_psoc
                0x00000268       0x40 .\CortexM0p\ARM_GCC_541\Debug\Cm0plusStart.o
                0x00000268                initialize_psoc
 .text.SW_Tx_UART_Start
                0x000002a8        0x4 .\CortexM0p\ARM_GCC_541\Debug\CMAS.a(SW_Tx_UART.o)
                0x000002a8                SW_Tx_UART_Start
 .text.SW_Tx_UART_PutString
                0x000002ac       0x1c .\CortexM0p\ARM_GCC_541\Debug\CMAS.a(SW_Tx_UART.o)
                0x000002ac                SW_Tx_UART_PutString
 .text.CapSense_Initialize
                0x000002c8       0x28 .\CortexM0p\ARM_GCC_541\Debug\CMAS.a(CapSense_Control.o)
                0x000002c8                CapSense_Initialize
 .text.CapSense_Start
                0x000002f0       0x48 .\CortexM0p\ARM_GCC_541\Debug\CMAS.a(CapSense_Control.o)
                0x000002f0                CapSense_Start
 .text.CapSense_ProcessAllWidgets
                0x00000338       0x5c .\CortexM0p\ARM_GCC_541\Debug\CMAS.a(CapSense_Control.o)
                0x00000338                CapSense_ProcessAllWidgets
 .text.CapSense_DpInitialize
                0x00000394       0x5c .\CortexM0p\ARM_GCC_541\Debug\CMAS.a(CapSense_Processing.o)
                0x00000394                CapSense_DpInitialize
 .text.CapSense_DpUpdateDifferences
                0x000003f0       0x18 .\CortexM0p\ARM_GCC_541\Debug\CMAS.a(CapSense_Processing.o)
                0x000003f0                CapSense_DpUpdateDifferences
 .text.CapSense_DpProcessCsdWidgetRawCounts
                0x00000408       0x48 .\CortexM0p\ARM_GCC_541\Debug\CMAS.a(CapSense_Processing.o)
                0x00000408                CapSense_DpProcessCsdWidgetRawCounts
 .text.CapSense_DpProcessButton
                0x00000450       0x64 .\CortexM0p\ARM_GCC_541\Debug\CMAS.a(CapSense_Processing.o)
                0x00000450                CapSense_DpProcessButton
 .text.CapSense_DpProcessCsdWidgetStatus
                0x000004b4       0x54 .\CortexM0p\ARM_GCC_541\Debug\CMAS.a(CapSense_Processing.o)
                0x000004b4                CapSense_DpProcessCsdWidgetStatus
 .text.CapSense_DsInitialize
                0x00000508       0xe8 .\CortexM0p\ARM_GCC_541\Debug\CMAS.a(CapSense_Structure.o)
                0x00000508                CapSense_DsInitialize
 .text.CapSense_IsSensorActive
                0x000005f0       0x30 .\CortexM0p\ARM_GCC_541\Debug\CMAS.a(CapSense_Structure.o)
                0x000005f0                CapSense_IsSensorActive
 .text.CapSense_TuInitialize
                0x00000620       0x14 .\CortexM0p\ARM_GCC_541\Debug\CMAS.a(CapSense_Tuner.o)
                0x00000620                CapSense_TuInitialize
 .text.CapSense_RunTuner
                0x00000634      0x110 .\CortexM0p\ARM_GCC_541\Debug\CMAS.a(CapSense_Tuner.o)
                0x00000634                CapSense_RunTuner
 .text.CapSense_FtInitialize
                0x00000744        0x4 .\CortexM0p\ARM_GCC_541\Debug\CMAS.a(CapSense_Filter.o)
                0x00000744                CapSense_FtInitialize
 .text.CapSense_FtInitializeBaselineChannel
                0x00000748       0x24 .\CortexM0p\ARM_GCC_541\Debug\CMAS.a(CapSense_Filter.o)
                0x00000748                CapSense_FtInitializeBaselineChannel
 .text.CapSense_FtInitializeBaseline
                0x0000076c       0x20 .\CortexM0p\ARM_GCC_541\Debug\CMAS.a(CapSense_Filter.o)
                0x0000076c                CapSense_FtInitializeBaseline
 .text.CapSense_InitializeSensorBaseline
                0x0000078c       0x20 .\CortexM0p\ARM_GCC_541\Debug\CMAS.a(CapSense_Filter.o)
                0x0000078c                CapSense_InitializeSensorBaseline
 .text.CapSense_InitializeWidgetBaseline
                0x000007ac       0x24 .\CortexM0p\ARM_GCC_541\Debug\CMAS.a(CapSense_Filter.o)
                0x000007ac                CapSense_InitializeWidgetBaseline
 .text.CapSense_InitializeAllBaselines
                0x000007d0       0x18 .\CortexM0p\ARM_GCC_541\Debug\CMAS.a(CapSense_Filter.o)
                0x000007d0                CapSense_InitializeAllBaselines
 .text.CapSense_FtIIR1stOrder
                0x000007e8       0x14 .\CortexM0p\ARM_GCC_541\Debug\CMAS.a(CapSense_Filter.o)
                0x000007e8                CapSense_FtIIR1stOrder
 .text.CapSense_FtUpdateBaseline
                0x000007fc       0xc4 .\CortexM0p\ARM_GCC_541\Debug\CMAS.a(CapSense_Filter.o)
                0x000007fc                CapSense_FtUpdateBaseline
 .text.CapSense_SsCalcLfsrSize
                0x000008c0       0x84 .\CortexM0p\ARM_GCC_541\Debug\CMAS.a(CapSense_Sensing.o)
 .text.CapSense_SsCalcLfsrScale
                0x00000944       0x44 .\CortexM0p\ARM_GCC_541\Debug\CMAS.a(CapSense_Sensing.o)
 .text.CapSense_IsBusy
                0x00000988       0x10 .\CortexM0p\ARM_GCC_541\Debug\CMAS.a(CapSense_Sensing.o)
                0x00000988                CapSense_IsBusy
 .text.CapSense_SetupWidget
                0x00000998       0x4c .\CortexM0p\ARM_GCC_541\Debug\CMAS.a(CapSense_Sensing.o)
                0x00000998                CapSense_SetupWidget
 .text.CapSense_Scan
                0x000009e4       0x2c .\CortexM0p\ARM_GCC_541\Debug\CMAS.a(CapSense_Sensing.o)
                0x000009e4                CapSense_Scan
 .text.CapSense_ScanAllWidgets
                0x00000a10       0x3c .\CortexM0p\ARM_GCC_541\Debug\CMAS.a(CapSense_Sensing.o)
                0x00000a10                CapSense_ScanAllWidgets
 .text.CapSense_SsSetAllIOsState
                0x00000a4c       0x88 .\CortexM0p\ARM_GCC_541\Debug\CMAS.a(CapSense_Sensing.o)
                0x00000a4c                CapSense_SsSetAllIOsState
 .text.CapSense_SsPostAllWidgetsScan
                0x00000ad4        0x4 .\CortexM0p\ARM_GCC_541\Debug\CMAS.a(CapSense_Sensing.o)
                0x00000ad4                CapSense_SsPostAllWidgetsScan
 .text.CapSense_SsSetModClkClockDivider
                0x00000ad8       0x30 .\CortexM0p\ARM_GCC_541\Debug\CMAS.a(CapSense_Sensing.o)
                0x00000ad8                CapSense_SsSetModClkClockDivider
 .text.CapSense_CalibrateWidget
                0x00000b08       0x3c .\CortexM0p\ARM_GCC_541\Debug\CMAS.a(CapSense_Sensing.o)
                0x00000b08                CapSense_CalibrateWidget
 .text.CapSense_CalibrateAllWidgets
                0x00000b44       0x1c .\CortexM0p\ARM_GCC_541\Debug\CMAS.a(CapSense_Sensing.o)
                0x00000b44                CapSense_CalibrateAllWidgets
 .text.CapSense_SsCSDGetColSnsClkDivider
                0x00000b60       0x10 .\CortexM0p\ARM_GCC_541\Debug\CMAS.a(CapSense_Sensing.o)
                0x00000b60                CapSense_SsCSDGetColSnsClkDivider
 .text.CapSense_SsCSDCalcPrsSize
                0x00000b70       0x24 .\CortexM0p\ARM_GCC_541\Debug\CMAS.a(CapSense_Sensing.o)
                0x00000b70                CapSense_SsCSDCalcPrsSize
 .text.CapSense_SsSetWidgetSenseClkSrc
                0x00000b94       0x3c .\CortexM0p\ARM_GCC_541\Debug\CMAS.a(CapSense_Sensing.o)
 .text.CapSense_SsInitializeSourceSenseClk
                0x00000bd0       0x28 .\CortexM0p\ARM_GCC_541\Debug\CMAS.a(CapSense_Sensing.o)
                0x00000bd0                CapSense_SsInitializeSourceSenseClk
 .text.CapSense_DischargeExtCapacitors
                0x00000bf8       0xd4 .\CortexM0p\ARM_GCC_541\Debug\CMAS.a(CapSense_Sensing.o)
                0x00000bf8                CapSense_DischargeExtCapacitors
 .text.CapSense_WriteBitsSafe
                0x00000ccc       0x1c .\CortexM0p\ARM_GCC_541\Debug\CMAS.a(CapSense_Sensing.o)
                0x00000ccc                CapSense_WriteBitsSafe
 .text.CapSense_SsCSDDisableMode
                0x00000ce8       0x28 .\CortexM0p\ARM_GCC_541\Debug\CMAS.a(CapSense_Sensing.o)
 .text.CapSense_SsSwitchSensingMode
                0x00000d10       0x5c .\CortexM0p\ARM_GCC_541\Debug\CMAS.a(CapSense_Sensing.o)
                0x00000d10                CapSense_SsSwitchSensingMode
 .text.CapSense_SsInitialize
                0x00000d6c       0x24 .\CortexM0p\ARM_GCC_541\Debug\CMAS.a(CapSense_Sensing.o)
                0x00000d6c                CapSense_SsInitialize
 .text.CapSense_SsCSDSetModeSnsClockDivider
                0x00000d90       0x10 .\CortexM0p\ARM_GCC_541\Debug\CMAS.a(CapSense_SensingCSD_LL.o)
 .text.CapSense_SsCSDSetFilterDelay
                0x00000da0       0x14 .\CortexM0p\ARM_GCC_541\Debug\CMAS.a(CapSense_SensingCSD_LL.o)
 .text.CapSense_SsCSDConfigIDACs
                0x00000db4       0x1c .\CortexM0p\ARM_GCC_541\Debug\CMAS.a(CapSense_SensingCSD_LL.o)
 .text.CapSense_SsCSDCalibrateCheck
                0x00000dd0       0x98 .\CortexM0p\ARM_GCC_541\Debug\CMAS.a(CapSense_SensingCSD_LL.o)
 .text.CapSense_SsCSDSwitchIdacGain
                0x00000e68       0x9c .\CortexM0p\ARM_GCC_541\Debug\CMAS.a(CapSense_SensingCSD_LL.o)
 .text.CapSense_SsCSDNormalizeIdac
                0x00000f04       0xcc .\CortexM0p\ARM_GCC_541\Debug\CMAS.a(CapSense_SensingCSD_LL.o)
 .text.CapSense_SsCSDInitialize
                0x00000fd0      0x140 .\CortexM0p\ARM_GCC_541\Debug\CMAS.a(CapSense_SensingCSD_LL.o)
                0x00000fd0                CapSense_SsCSDInitialize
 .text.CapSense_SsCSDSetUpIdacs
                0x00001110       0x60 .\CortexM0p\ARM_GCC_541\Debug\CMAS.a(CapSense_SensingCSD_LL.o)
                0x00001110                CapSense_SsCSDSetUpIdacs
 .text.CapSense_SsCSDGetNumberOfConversions
                0x00001170       0x2c .\CortexM0p\ARM_GCC_541\Debug\CMAS.a(CapSense_SensingCSD_LL.o)
                0x00001170                CapSense_SsCSDGetNumberOfConversions
 .text.CapSense_SsCSDConfigClock
                0x0000119c       0x3c .\CortexM0p\ARM_GCC_541\Debug\CMAS.a(CapSense_SensingCSD_LL.o)
                0x0000119c                CapSense_SsCSDConfigClock
 .text.CapSense_SsCSDCalculateScanDuration
                0x000011d8       0x1c .\CortexM0p\ARM_GCC_541\Debug\CMAS.a(CapSense_SensingCSD_LL.o)
                0x000011d8                CapSense_SsCSDCalculateScanDuration
 .text.CapSense_SsCSDStartSample
                0x000011f4       0xf4 .\CortexM0p\ARM_GCC_541\Debug\CMAS.a(CapSense_SensingCSD_LL.o)
                0x000011f4                CapSense_SsCSDStartSample
 .text.CapSense_CSDScanExt
                0x000012e8       0x20 .\CortexM0p\ARM_GCC_541\Debug\CMAS.a(CapSense_SensingCSD_LL.o)
                0x000012e8                CapSense_CSDScanExt
 .text.CapSense_CSDConnectSns
                0x00001308       0x34 .\CortexM0p\ARM_GCC_541\Debug\CMAS.a(CapSense_SensingCSD_LL.o)
                0x00001308                CapSense_CSDConnectSns
 .text.CapSense_CSDScan
                0x0000133c       0x90 .\CortexM0p\ARM_GCC_541\Debug\CMAS.a(CapSense_SensingCSD_LL.o)
                0x0000133c                CapSense_CSDScan
 .text.CapSense_SsCSDConnectSensorExt
                0x000013cc       0x20 .\CortexM0p\ARM_GCC_541\Debug\CMAS.a(CapSense_SensingCSD_LL.o)
                0x000013cc                CapSense_SsCSDConnectSensorExt
 .text.CapSense_CSDDisconnectSns
                0x000013ec       0x64 .\CortexM0p\ARM_GCC_541\Debug\CMAS.a(CapSense_SensingCSD_LL.o)
                0x000013ec                CapSense_CSDDisconnectSns
 .text.CapSense_SsCSDElectrodeCheck
                0x00001450       0x24 .\CortexM0p\ARM_GCC_541\Debug\CMAS.a(CapSense_SensingCSD_LL.o)
                0x00001450                CapSense_SsCSDElectrodeCheck
 .text.CapSense_CSDSetupWidget
                0x00001474       0x54 .\CortexM0p\ARM_GCC_541\Debug\CMAS.a(CapSense_SensingCSD_LL.o)
                0x00001474                CapSense_CSDSetupWidget
 .text.CapSense_CSDSetupWidgetExt
                0x000014c8       0x64 .\CortexM0p\ARM_GCC_541\Debug\CMAS.a(CapSense_SensingCSD_LL.o)
                0x000014c8                CapSense_CSDSetupWidgetExt
 .text.CapSense_SsCSDCalibrate
                0x0000152c      0x160 .\CortexM0p\ARM_GCC_541\Debug\CMAS.a(CapSense_SensingCSD_LL.o)
 .text.CapSense_CSDCalibrateWidget
                0x0000168c       0x7c .\CortexM0p\ARM_GCC_541\Debug\CMAS.a(CapSense_SensingCSD_LL.o)
                0x0000168c                CapSense_CSDCalibrateWidget
 .text.CapSense_DsCalculateCrc16
                0x00001708       0x50 .\CortexM0p\ARM_GCC_541\Debug\CMAS.a(CapSense_SelfTest.o)
 .text.CapSense_BistSetScanDuration
                0x00001758       0x3c .\CortexM0p\ARM_GCC_541\Debug\CMAS.a(CapSense_SelfTest.o)
 .text.CapSense_BistPostSingleScan
                0x00001794       0x34 .\CortexM0p\ARM_GCC_541\Debug\CMAS.a(CapSense_SelfTest.o)
                0x00001794                CapSense_BistPostSingleScan
 .text.CapSense_BistConfigClock
                0x000017c8       0x10 .\CortexM0p\ARM_GCC_541\Debug\CMAS.a(CapSense_SelfTest.o)
 .text.CapSense_BistSetIdac
                0x000017d8       0x20 .\CortexM0p\ARM_GCC_541\Debug\CMAS.a(CapSense_SelfTest.o)
 .text.CapSense_BistCmodPrecharge
                0x000017f8       0xa0 .\CortexM0p\ARM_GCC_541\Debug\CMAS.a(CapSense_SelfTest.o)
 .text.CapSense_WaitEndOfScan
                0x00001898       0x28 .\CortexM0p\ARM_GCC_541\Debug\CMAS.a(CapSense_SelfTest.o)
 .text.CapSense_BistSetIdacGain
                0x000018c0       0x2c .\CortexM0p\ARM_GCC_541\Debug\CMAS.a(CapSense_SelfTest.o)
 .text.CapSense_IscToBistIOConfig
                0x000018ec       0x28 .\CortexM0p\ARM_GCC_541\Debug\CMAS.a(CapSense_SelfTest.o)
 .text.CapSense_BistDisableHwSnsShort
                0x00001914       0x50 .\CortexM0p\ARM_GCC_541\Debug\CMAS.a(CapSense_SelfTest.o)
 .text.CapSense_BistDisableHwSnsCap
                0x00001964       0x20 .\CortexM0p\ARM_GCC_541\Debug\CMAS.a(CapSense_SelfTest.o)
 .text.CapSense_BistEnableHwSnsShort
                0x00001984       0x24 .\CortexM0p\ARM_GCC_541\Debug\CMAS.a(CapSense_SelfTest.o)
 .text.CapSense_SetSnsPc
                0x000019a8       0x24 .\CortexM0p\ARM_GCC_541\Debug\CMAS.a(CapSense_SelfTest.o)
 .text.CapSense_SetAllSnsPcState
                0x000019cc       0x20 .\CortexM0p\ARM_GCC_541\Debug\CMAS.a(CapSense_SelfTest.o)
 .text.CapSense_SetSnsHsiom
                0x000019ec       0x20 .\CortexM0p\ARM_GCC_541\Debug\CMAS.a(CapSense_SelfTest.o)
 .text.CapSense_SetAllSnsHsiomState
                0x00001a0c       0x20 .\CortexM0p\ARM_GCC_541\Debug\CMAS.a(CapSense_SelfTest.o)
 .text.CapSense_SwitchAllIOState
                0x00001a2c       0x4c .\CortexM0p\ARM_GCC_541\Debug\CMAS.a(CapSense_SelfTest.o)
 .text.CapSense_BistConnectSensor
                0x00001a78       0x54 .\CortexM0p\ARM_GCC_541\Debug\CMAS.a(CapSense_SelfTest.o)
 .text.CapSense_BistSetInactiveSensorConnection
                0x00001acc       0x88 .\CortexM0p\ARM_GCC_541\Debug\CMAS.a(CapSense_SelfTest.o)
 .text.CapSense_SetSnsDr
                0x00001b54       0x20 .\CortexM0p\ARM_GCC_541\Debug\CMAS.a(CapSense_SelfTest.o)
 .text.CapSense_SetAllSnsDrState
                0x00001b74       0x20 .\CortexM0p\ARM_GCC_541\Debug\CMAS.a(CapSense_SelfTest.o)
 .text.CapSense_BistEnableVddaMeasurement
                0x00001b94      0x118 .\CortexM0p\ARM_GCC_541\Debug\CMAS.a(CapSense_SelfTest.o)
 .text.CapSense_BistEnableHwSnsCap
                0x00001cac      0x1a8 .\CortexM0p\ARM_GCC_541\Debug\CMAS.a(CapSense_SelfTest.o)
 .text.CapSense_BistSwitchHwConfig
                0x00001e54       0x58 .\CortexM0p\ARM_GCC_541\Debug\CMAS.a(CapSense_SelfTest.o)
 .text.CapSense_BistTriggerScan
                0x00001eac       0xe0 .\CortexM0p\ARM_GCC_541\Debug\CMAS.a(CapSense_SelfTest.o)
 .text.CapSense_BistStartSample
                0x00001f8c       0x34 .\CortexM0p\ARM_GCC_541\Debug\CMAS.a(CapSense_SelfTest.o)
 .text.CapSense_GetCapacitanceExt
                0x00001fc0      0x118 .\CortexM0p\ARM_GCC_541\Debug\CMAS.a(CapSense_SelfTest.o)
 .text.CapSense_GetSensorCapacitanceExt
                0x000020d8       0x34 .\CortexM0p\ARM_GCC_541\Debug\CMAS.a(CapSense_SelfTest.o)
 .text.CapSense_BistDisableMode
                0x0000210c       0x1c .\CortexM0p\ARM_GCC_541\Debug\CMAS.a(CapSense_SelfTest.o)
                0x0000210c                CapSense_BistDisableMode
 .text.CapSense_BistInitialize
                0x00002128       0x14 .\CortexM0p\ARM_GCC_541\Debug\CMAS.a(CapSense_SelfTest.o)
                0x00002128                CapSense_BistInitialize
 .text.CapSense_DsUpdateWidgetCrc
                0x0000213c       0x20 .\CortexM0p\ARM_GCC_541\Debug\CMAS.a(CapSense_SelfTest.o)
                0x0000213c                CapSense_DsUpdateWidgetCrc
 .text.CapSense_UpdateTestResultBaselineDuplication
                0x0000215c       0x38 .\CortexM0p\ARM_GCC_541\Debug\CMAS.a(CapSense_SelfTest.o)
                0x0000215c                CapSense_UpdateTestResultBaselineDuplication
 .text.CapSense_GetSensorCapacitance
                0x00002194       0x5c .\CortexM0p\ARM_GCC_541\Debug\CMAS.a(CapSense_SelfTest.o)
                0x00002194                CapSense_GetSensorCapacitance
 .text.CapSense_ISR_SetVector
                0x000021f0        0xc .\CortexM0p\ARM_GCC_541\Debug\CMAS.a(CapSense_ISR.o)
                0x000021f0                CapSense_ISR_SetVector
 .text.CapSense_ISR_SetPriority
                0x000021fc       0x20 .\CortexM0p\ARM_GCC_541\Debug\CMAS.a(CapSense_ISR.o)
                0x000021fc                CapSense_ISR_SetPriority
 .text.CapSense_ISR_Enable
                0x0000221c       0x10 .\CortexM0p\ARM_GCC_541\Debug\CMAS.a(CapSense_ISR.o)
                0x0000221c                CapSense_ISR_Enable
 .text.CapSense_ISR_Disable
                0x0000222c       0x10 .\CortexM0p\ARM_GCC_541\Debug\CMAS.a(CapSense_ISR.o)
                0x0000222c                CapSense_ISR_Disable
 .text.CapSense_ISR_StartEx
                0x0000223c       0x1c .\CortexM0p\ARM_GCC_541\Debug\CMAS.a(CapSense_ISR.o)
                0x0000223c                CapSense_ISR_StartEx
 .text.CySysClkImoDisableWcoLock
                0x00002258       0x14 .\CortexM0p\ARM_GCC_541\Debug\CMAS.a(CyLib.o)
                0x00002258                CySysClkImoDisableWcoLock
 .text.CySysClkImoGetWcoLock
                0x0000226c       0x14 .\CortexM0p\ARM_GCC_541\Debug\CMAS.a(CyLib.o)
                0x0000226c                CySysClkImoGetWcoLock
 .text.CyIntEnable
                0x00002280       0x14 .\CortexM0p\ARM_GCC_541\Debug\CMAS.a(CyLib.o)
                0x00002280                CyIntEnable
 .text.CyIntDisable
                0x00002294       0x14 .\CortexM0p\ARM_GCC_541\Debug\CMAS.a(CyLib.o)
                0x00002294                CyIntDisable
 .text.CyIntClearPending
                0x000022a8       0x14 .\CortexM0p\ARM_GCC_541\Debug\CMAS.a(CyLib.o)
                0x000022a8                CyIntClearPending
 .text.CyHalt   0x000022bc        0x4 .\CortexM0p\ARM_GCC_541\Debug\CMAS.a(CyLib.o)
                0x000022bc                CyHalt
 .text.CyDelay  0x000022c0       0x30 .\CortexM0p\ARM_GCC_541\Debug\CMAS.a(CyLib.o)
                0x000022c0                CyDelay
 .text.CySysClkImoEnableWcoLock
                0x000022f0       0xcc .\CortexM0p\ARM_GCC_541\Debug\CMAS.a(CyLib.o)
                0x000022f0                CySysClkImoEnableWcoLock
 .text.CySysClkWriteImoFreq
                0x000023bc       0xd8 .\CortexM0p\ARM_GCC_541\Debug\CMAS.a(CyLib.o)
                0x000023bc                CySysClkWriteImoFreq
 .text.CyDelayUs
                0x00002494       0x14 .\CortexM0p\ARM_GCC_541\Debug\CMAS.a(CyLib.o)
                0x00002494                CyDelayUs
 .text.CySysClkGetTimerSource
                0x000024a8       0x10 .\CortexM0p\ARM_GCC_541\Debug\CMAS.a(CyLFClk.o)
 .text.CySysClkWcoEnabled
                0x000024b8       0x14 .\CortexM0p\ARM_GCC_541\Debug\CMAS.a(CyLFClk.o)
                0x000024b8                CySysClkWcoEnabled
 .text.CySysWdtDisable
                0x000024cc       0x10 .\CortexM0p\ARM_GCC_541\Debug\CMAS.a(CyLFClk.o)
                0x000024cc                CySysWdtDisable
 .text.CySysClkSetTimerSource
                0x000024dc       0x68 .\CortexM0p\ARM_GCC_541\Debug\CMAS.a(CyLFClk.o)
                0x000024dc                CySysClkSetTimerSource
 *fill*         0x00002544       0x1c 
 .text          0x00002560       0xd4 .\CortexM0p\ARM_GCC_541\Debug\CMAS.a(SW_Tx_UART_AsmGnu.o)
                0x00002560                SW_Tx_UART_PutChar
 *fill*         0x00002634        0x4 
 .text          0x00002638       0x20 .\CortexM0p\ARM_GCC_541\Debug\CMAS.a(CyBootAsmGnu.o)
                0x00002638                CyDelayCycles
                0x0000264a                CyEnterCriticalSection
                0x00002652                CyExitCriticalSection
 .text.CapSense_SsCSDPostScan
                0x00002658       0x50 .\CortexM0p\ARM_GCC_541\Debug\CMAS.a(CapSense_INT.o)
 .text.CapSense_SsCSDInitNextScan
                0x000026a8       0xa8 .\CortexM0p\ARM_GCC_541\Debug\CMAS.a(CapSense_INT.o)
 .text.CapSense_CSDPostSingleScan
                0x00002750       0x2c .\CortexM0p\ARM_GCC_541\Debug\CMAS.a(CapSense_INT.o)
                0x00002750                CapSense_CSDPostSingleScan
 .text.CapSense_CSDPostMultiScan
                0x0000277c       0x3c .\CortexM0p\ARM_GCC_541\Debug\CMAS.a(CapSense_INT.o)
                0x0000277c                CapSense_CSDPostMultiScan
 .text.CySysFlashSetWaitCycles
                0x000027b8       0x54 .\CortexM0p\ARM_GCC_541\Debug\CMAS.a(CyFlash.o)
                0x000027b8                CySysFlashSetWaitCycles
 .text          0x0000280c      0x114 c:/users/mstai/onedrive/desktop/tesi robotica/psoc creator/4.2/psoc creator/import/gnu/arm/5.4.1/bin/../lib/gcc/arm-none-eabi/5.4.1/armv6-m\libgcc.a(_udivsi3.o)
                0x0000280c                __aeabi_uidiv
                0x0000280c                __udivsi3
                0x00002918                __aeabi_uidivmod
 .text          0x00002920        0x4 c:/users/mstai/onedrive/desktop/tesi robotica/psoc creator/4.2/psoc creator/import/gnu/arm/5.4.1/bin/../lib/gcc/arm-none-eabi/5.4.1/armv6-m\libgcc.a(_dvmd_tls.o)
                0x00002920                __aeabi_idiv0
                0x00002920                __aeabi_ldiv0
 .text          0x00002924       0x40 c:/users/mstai/onedrive/desktop/tesi robotica/psoc creator/4.2/psoc creator/import/gnu/arm/5.4.1/bin/../lib/gcc/arm-none-eabi/5.4.1/armv6-m\libgcc.a(_aeabi_uldivmod.o)
                0x00002924                __aeabi_uldivmod
 .text          0x00002964       0x58 c:/users/mstai/onedrive/desktop/tesi robotica/psoc creator/4.2/psoc creator/import/gnu/arm/5.4.1/bin/../lib/gcc/arm-none-eabi/5.4.1/armv6-m\libgcc.a(_muldi3.o)
                0x00002964                __muldi3
                0x00002964                __aeabi_lmul
 .text          0x000029bc      0x180 c:/users/mstai/onedrive/desktop/tesi robotica/psoc creator/4.2/psoc creator/import/gnu/arm/5.4.1/bin/../lib/gcc/arm-none-eabi/5.4.1/armv6-m\libgcc.a(_udivmoddi4.o)
                0x000029bc                __udivmoddi4
 .text          0x00002b3c       0x18 c:/users/mstai/onedrive/desktop/tesi robotica/psoc creator/4.2/psoc creator/import/gnu/arm/5.4.1/bin/../lib/gcc/arm-none-eabi/5.4.1/armv6-m\libgcc.a(_clzdi2.o)
                0x00002b3c                __clzdi2
 .text          0x00002b54       0x3c c:/users/mstai/onedrive/desktop/tesi robotica/psoc creator/4.2/psoc creator/import/gnu/arm/5.4.1/bin/../lib/gcc/arm-none-eabi/5.4.1/armv6-m\libgcc.a(_clzsi2.o)
                0x00002b54                __clzsi2
 .text.__errno  0x00002b90        0xc c:/users/mstai/onedrive/desktop/tesi robotica/psoc creator/4.2/psoc creator/import/gnu/arm/5.4.1/bin/../lib/gcc/arm-none-eabi/5.4.1/../../../../arm-none-eabi/lib/armv6-m\libg_nano.a(lib_a-errno.o)
                0x00002b90                __errno
 .text.__libc_init_array
                0x00002b9c       0x4c c:/users/mstai/onedrive/desktop/tesi robotica/psoc creator/4.2/psoc creator/import/gnu/arm/5.4.1/bin/../lib/gcc/arm-none-eabi/5.4.1/../../../../arm-none-eabi/lib/armv6-m\libg_nano.a(lib_a-init.o)
                0x00002b9c                __libc_init_array
 .text.memcpy   0x00002be8       0x12 c:/users/mstai/onedrive/desktop/tesi robotica/psoc creator/4.2/psoc creator/import/gnu/arm/5.4.1/bin/../lib/gcc/arm-none-eabi/5.4.1/../../../../arm-none-eabi/lib/armv6-m\libg_nano.a(lib_a-memcpy-stub.o)
                0x00002be8                memcpy
 .text.memset   0x00002bfa       0x10 c:/users/mstai/onedrive/desktop/tesi robotica/psoc creator/4.2/psoc creator/import/gnu/arm/5.4.1/bin/../lib/gcc/arm-none-eabi/5.4.1/../../../../arm-none-eabi/lib/armv6-m\libg_nano.a(lib_a-memset.o)
                0x00002bfa                memset
 *fill*         0x00002c0a        0x2 
 .text.sprintf  0x00002c0c       0x44 c:/users/mstai/onedrive/desktop/tesi robotica/psoc creator/4.2/psoc creator/import/gnu/arm/5.4.1/bin/../lib/gcc/arm-none-eabi/5.4.1/../../../../arm-none-eabi/lib/armv6-m\libg_nano.a(lib_a-sprintf.o)
                0x00002c0c                siprintf
                0x00002c0c                sprintf
 .text.__ssputs_r
                0x00002c50       0xc4 c:/users/mstai/onedrive/desktop/tesi robotica/psoc creator/4.2/psoc creator/import/gnu/arm/5.4.1/bin/../lib/gcc/arm-none-eabi/5.4.1/../../../../arm-none-eabi/lib/armv6-m\libg_nano.a(lib_a-nano-svfprintf.o)
                0x00002c50                __ssputs_r
 .text._svfprintf_r
                0x00002d14      0x1fc c:/users/mstai/onedrive/desktop/tesi robotica/psoc creator/4.2/psoc creator/import/gnu/arm/5.4.1/bin/../lib/gcc/arm-none-eabi/5.4.1/../../../../arm-none-eabi/lib/armv6-m\libg_nano.a(lib_a-nano-svfprintf.o)
                0x00002d14                _svfiprintf_r
                0x00002d14                _svfprintf_r
 .text._printf_common
                0x00002f10       0xdc c:/users/mstai/onedrive/desktop/tesi robotica/psoc creator/4.2/psoc creator/import/gnu/arm/5.4.1/bin/../lib/gcc/arm-none-eabi/5.4.1/../../../../arm-none-eabi/lib/armv6-m\libg_nano.a(lib_a-nano-vfprintf_i.o)
                0x00002f10                _printf_common
 .text._printf_i
                0x00002fec      0x244 c:/users/mstai/onedrive/desktop/tesi robotica/psoc creator/4.2/psoc creator/import/gnu/arm/5.4.1/bin/../lib/gcc/arm-none-eabi/5.4.1/../../../../arm-none-eabi/lib/armv6-m\libg_nano.a(lib_a-nano-vfprintf_i.o)
                0x00002fec                _printf_i
 .text.memchr   0x00003230       0x16 c:/users/mstai/onedrive/desktop/tesi robotica/psoc creator/4.2/psoc creator/import/gnu/arm/5.4.1/bin/../lib/gcc/arm-none-eabi/5.4.1/../../../../arm-none-eabi/lib/armv6-m\libg_nano.a(lib_a-memchr-stub.o)
                0x00003230                memchr
 .text.memmove  0x00003246       0x2a c:/users/mstai/onedrive/desktop/tesi robotica/psoc creator/4.2/psoc creator/import/gnu/arm/5.4.1/bin/../lib/gcc/arm-none-eabi/5.4.1/../../../../arm-none-eabi/lib/armv6-m\libg_nano.a(lib_a-memmove.o)
                0x00003246                memmove
 .text._free_r  0x00003270       0x98 c:/users/mstai/onedrive/desktop/tesi robotica/psoc creator/4.2/psoc creator/import/gnu/arm/5.4.1/bin/../lib/gcc/arm-none-eabi/5.4.1/../../../../arm-none-eabi/lib/armv6-m\libg_nano.a(lib_a-nano-freer.o)
                0x00003270                _free_r
 .text._malloc_r
                0x00003308       0xc0 c:/users/mstai/onedrive/desktop/tesi robotica/psoc creator/4.2/psoc creator/import/gnu/arm/5.4.1/bin/../lib/gcc/arm-none-eabi/5.4.1/../../../../arm-none-eabi/lib/armv6-m\libg_nano.a(lib_a-nano-mallocr.o)
                0x00003308                _malloc_r
 .text._realloc_r
                0x000033c8       0x4c c:/users/mstai/onedrive/desktop/tesi robotica/psoc creator/4.2/psoc creator/import/gnu/arm/5.4.1/bin/../lib/gcc/arm-none-eabi/5.4.1/../../../../arm-none-eabi/lib/armv6-m\libg_nano.a(lib_a-nano-reallocr.o)
                0x000033c8                _realloc_r
 .text._sbrk_r  0x00003414       0x24 c:/users/mstai/onedrive/desktop/tesi robotica/psoc creator/4.2/psoc creator/import/gnu/arm/5.4.1/bin/../lib/gcc/arm-none-eabi/5.4.1/../../../../arm-none-eabi/lib/armv6-m\libg_nano.a(lib_a-sbrkr.o)
                0x00003414                _sbrk_r
 .text.__malloc_lock
                0x00003438        0x2 c:/users/mstai/onedrive/desktop/tesi robotica/psoc creator/4.2/psoc creator/import/gnu/arm/5.4.1/bin/../lib/gcc/arm-none-eabi/5.4.1/../../../../arm-none-eabi/lib/armv6-m\libg_nano.a(lib_a-mlock.o)
                0x00003438                __malloc_lock
 .text.__malloc_unlock
                0x0000343a        0x2 c:/users/mstai/onedrive/desktop/tesi robotica/psoc creator/4.2/psoc creator/import/gnu/arm/5.4.1/bin/../lib/gcc/arm-none-eabi/5.4.1/../../../../arm-none-eabi/lib/armv6-m\libg_nano.a(lib_a-mlock.o)
                0x0000343a                __malloc_unlock
 .text._malloc_usable_size_r
                0x0000343c       0x16 c:/users/mstai/onedrive/desktop/tesi robotica/psoc creator/4.2/psoc creator/import/gnu/arm/5.4.1/bin/../lib/gcc/arm-none-eabi/5.4.1/../../../../arm-none-eabi/lib/armv6-m\libg_nano.a(lib_a-nano-msizer.o)
                0x0000343c                _malloc_usable_size_r
 *(.plt)
 *(.gnu.warning)
 *(.glue_7t)
 .glue_7t       0x00003452        0x0 linker stubs
 *(.glue_7)
 .glue_7        0x00003452        0x0 linker stubs
 *(.vfp11_veneer)
 .vfp11_veneer  0x00003452        0x0 linker stubs
 *(.bootloader)
 *(.ARM.extab* .gnu.linkonce.armextab.*)
 *(.gcc_except_table)

.v4_bx          0x00003454        0x0
 .v4_bx         0x00003454        0x0 linker stubs

.iplt           0x00003454        0x0
 .iplt          0x00003454        0x0 c:/users/mstai/onedrive/desktop/tesi robotica/psoc creator/4.2/psoc creator/import/gnu/arm/5.4.1/bin/../lib/gcc/arm-none-eabi/5.4.1/armv6-m/crtbegin.o

.eh_frame_hdr
 *(.eh_frame_hdr)

.eh_frame       0x00003454        0x4
 *(.eh_frame)
 .eh_frame      0x00003454        0x0 c:/users/mstai/onedrive/desktop/tesi robotica/psoc creator/4.2/psoc creator/import/gnu/arm/5.4.1/bin/../lib/gcc/arm-none-eabi/5.4.1/armv6-m/crtbegin.o
 .eh_frame      0x00003454        0x4 c:/users/mstai/onedrive/desktop/tesi robotica/psoc creator/4.2/psoc creator/import/gnu/arm/5.4.1/bin/../lib/gcc/arm-none-eabi/5.4.1/armv6-m/crtend.o
                [!provide]                PROVIDE (__exidx_start, .)

.ARM.exidx      0x00003458        0x8
 *(.ARM.exidx* .gnu.linkonce.armexidx.*)
 .ARM.exidx     0x00003458        0x8 c:/users/mstai/onedrive/desktop/tesi robotica/psoc creator/4.2/psoc creator/import/gnu/arm/5.4.1/bin/../lib/gcc/arm-none-eabi/5.4.1/armv6-m\libgcc.a(_udivmoddi4.o)
                0x00003460                __exidx_end = .

.rodata         0x00003460      0x190
 *(.rodata .rodata.* .gnu.linkonce.r.*)
 .rodata.str1.4
                0x00003460        0x8 .\CortexM0p\ARM_GCC_541\Debug\main.o
                                  0x6 (size before relaxing)
 .rodata        0x00003468       0x6c .\CortexM0p\ARM_GCC_541\Debug\CMAS.a(CapSense_Structure.o)
                0x00003478                CapSense_ramIdacInit
                0x0000347c                CapSense_dsFlash
                0x0000349c                CapSense_ramWidgetInit
                0x000034b0                CapSense_extCapMap
                0x000034b4                CapSense_ioList
 .rodata        0x000034d4       0x1c .\CortexM0p\ARM_GCC_541\Debug\CMAS.a(CapSense_Tuner.o)
 .rodata        0x000034f0       0x39 .\CortexM0p\ARM_GCC_541\Debug\CMAS.a(CapSense_Sensing.o)
                0x000034f0                CapSense_idacGainTable
                0x00003528                CapSense_scanFreqIndex
 *fill*         0x00003529        0x3 
 .rodata        0x0000352c       0x40 .\CortexM0p\ARM_GCC_541\Debug\CMAS.a(CapSense_SelfTest.o)
                0x0000354c                CapSense_BistIdacTable
 .rodata        0x0000356c       0x17 .\CortexM0p\ARM_GCC_541\Debug\CMAS.a(CyLib.o)
                0x0000356c                cyImoFreqMhz2DpllOffset
 .rodata.str1.1
                0x00003583        0x2 c:/users/mstai/onedrive/desktop/tesi robotica/psoc creator/4.2/psoc creator/import/gnu/arm/5.4.1/bin/../lib/gcc/arm-none-eabi/5.4.1/../../../../arm-none-eabi/lib/armv6-m\libg_nano.a(lib_a-impure.o)
 .rodata.str1.1
                0x00003585       0x11 c:/users/mstai/onedrive/desktop/tesi robotica/psoc creator/4.2/psoc creator/import/gnu/arm/5.4.1/bin/../lib/gcc/arm-none-eabi/5.4.1/../../../../arm-none-eabi/lib/armv6-m\libg_nano.a(lib_a-nano-svfprintf.o)
 .rodata.str1.1
                0x00003596       0x22 c:/users/mstai/onedrive/desktop/tesi robotica/psoc creator/4.2/psoc creator/import/gnu/arm/5.4.1/bin/../lib/gcc/arm-none-eabi/5.4.1/../../../../arm-none-eabi/lib/armv6-m\libg_nano.a(lib_a-nano-vfprintf_i.o)
                0x000035b8                . = ALIGN (0x4)
 *(.init)
 .init          0x000035b8        0x4 c:/users/mstai/onedrive/desktop/tesi robotica/psoc creator/4.2/psoc creator/import/gnu/arm/5.4.1/bin/../lib/gcc/arm-none-eabi/5.4.1/armv6-m/crti.o
                0x000035b8                _init
 .init          0x000035bc        0x8 c:/users/mstai/onedrive/desktop/tesi robotica/psoc creator/4.2/psoc creator/import/gnu/arm/5.4.1/bin/../lib/gcc/arm-none-eabi/5.4.1/armv6-m/crtn.o
                0x000035c4                . = ALIGN (0x4)
                0x000035c4                __preinit_array_start = .
 *(.preinit_array)
                0x000035c4                __preinit_array_end = .
                0x000035c4                . = ALIGN (0x4)
                0x000035c4                __init_array_start = .
 *(SORT(.init_array.*))
 *(.init_array)
 .init_array    0x000035c4        0x4 c:/users/mstai/onedrive/desktop/tesi robotica/psoc creator/4.2/psoc creator/import/gnu/arm/5.4.1/bin/../lib/gcc/arm-none-eabi/5.4.1/armv6-m/crtbegin.o
 .init_array    0x000035c8        0x4 .\CortexM0p\ARM_GCC_541\Debug\Cm0plusStart.o
                0x000035cc                __init_array_end = .
                0x000035cc                . = ALIGN (0x4)
 *(.fini)
 .fini          0x000035cc        0x4 c:/users/mstai/onedrive/desktop/tesi robotica/psoc creator/4.2/psoc creator/import/gnu/arm/5.4.1/bin/../lib/gcc/arm-none-eabi/5.4.1/armv6-m/crti.o
                0x000035cc                _fini
 .fini          0x000035d0        0x8 c:/users/mstai/onedrive/desktop/tesi robotica/psoc creator/4.2/psoc creator/import/gnu/arm/5.4.1/bin/../lib/gcc/arm-none-eabi/5.4.1/armv6-m/crtn.o
                0x000035d8                . = ALIGN (0x4)
                0x000035d8                __fini_array_start = .
 *(.fini_array)
 .fini_array    0x000035d8        0x4 c:/users/mstai/onedrive/desktop/tesi robotica/psoc creator/4.2/psoc creator/import/gnu/arm/5.4.1/bin/../lib/gcc/arm-none-eabi/5.4.1/armv6-m/crtbegin.o
 *(SORT(.fini_array.*))
                0x000035dc                __fini_array_end = .
                0x000035dc                . = ALIGN (0x4)
 *crtbegin.o(.ctors)
 *(EXCLUDE_FILE(*crtend.o) .ctors)
 *(SORT(.ctors.*))
 *crtend.o(.ctors)
                0x000035dc                . = ALIGN (0x4)
 *crtbegin.o(.dtors)
 *(EXCLUDE_FILE(*crtend.o) .dtors)
 *(SORT(.dtors.*))
 *crtend.o(.dtors)
                0x000035dc                . = ALIGN (0x4)
                0x000035dc                __cy_regions = .
                0x000035dc        0x4 LONG 0x35f0 __cy_region_init_ram
                0x000035e0        0x4 LONG 0x200000b0 __cy_region_start_data
                0x000035e4        0x4 LONG 0x98 __cy_region_init_size_ram
                0x000035e8        0x4 LONG 0xd0 __cy_region_zero_size_ram
                0x000035ec                __cy_regions_end = .
                0x000035f0                . = ALIGN (0x8)
 *fill*         0x000035ec        0x4 
                0x000035f0                _etext = .

.cy_checksum_exclude
                0x000035f0        0x0
 *(.cy_checksum_exclude)

.ramvectors     0x20000000       0xb0
                0x20000000                __cy_region_start_ram = .
 *(.ramvectors)
 .ramvectors    0x20000000       0xb0 .\CortexM0p\ARM_GCC_541\Debug\Cm0plusStart.o
                0x20000000                CyRamVectors

.noinit
 *(.noinit)

.data           0x200000b0       0x98 load address 0x000035f0
                0x200000b0                __cy_region_start_data = .
 *(.jcr)
 .jcr           0x200000b0        0x0 c:/users/mstai/onedrive/desktop/tesi robotica/psoc creator/4.2/psoc creator/import/gnu/arm/5.4.1/bin/../lib/gcc/arm-none-eabi/5.4.1/armv6-m/crtbegin.o
 .jcr           0x200000b0        0x4 c:/users/mstai/onedrive/desktop/tesi robotica/psoc creator/4.2/psoc creator/import/gnu/arm/5.4.1/bin/../lib/gcc/arm-none-eabi/5.4.1/armv6-m/crtend.o
 *(.got.plt)
 *(.got)
 *(.shdata)
 *(.data .data.* .gnu.linkonce.d.*)
 .data          0x200000b4        0x4 .\CortexM0p\ARM_GCC_541\Debug\Cm0plusStart.o
 .data          0x200000b8        0xc .\CortexM0p\ARM_GCC_541\Debug\CMAS.a(SW_Tx_UART.o)
                0x200000b8                SW_Tx_UART_pinDrAdress
                0x200000bc                SW_Tx_UART_pinPortNumber
                0x200000c0                SW_Tx_UART_pinNumber
 .data          0x200000c4        0x4 .\CortexM0p\ARM_GCC_541\Debug\CMAS.a(CapSense_SensingCSD_LL.o)
                0x200000c4                CapSense_configCsd
 .data          0x200000c8        0x4 .\CortexM0p\ARM_GCC_541\Debug\CMAS.a(CapSense_SelfTest.o)
 .data          0x200000cc       0x14 .\CortexM0p\ARM_GCC_541\Debug\CMAS.a(CyLib.o)
                0x200000cc                CySysClkPumpConfig
                0x200000d0                cydelay32kMs
                0x200000d4                cydelayFreqKhz
                0x200000d8                cydelayFreqMhz
                0x200000dc                cydelayFreqHz
 .data.impure_data
                0x200000e0       0x60 c:/users/mstai/onedrive/desktop/tesi robotica/psoc creator/4.2/psoc creator/import/gnu/arm/5.4.1/bin/../lib/gcc/arm-none-eabi/5.4.1/../../../../arm-none-eabi/lib/armv6-m\libg_nano.a(lib_a-impure.o)
 .data._impure_ptr
                0x20000140        0x4 c:/users/mstai/onedrive/desktop/tesi robotica/psoc creator/4.2/psoc creator/import/gnu/arm/5.4.1/bin/../lib/gcc/arm-none-eabi/5.4.1/../../../../arm-none-eabi/lib/armv6-m\libg_nano.a(lib_a-impure.o)
                0x20000140                _impure_ptr
                0x20000148                . = ALIGN (0x8)
 *fill*         0x20000144        0x4 
 *(.ram)
                0x20000148                _edata = .

.igot.plt       0x20000148        0x0 load address 0x00003688
 .igot.plt      0x20000148        0x0 c:/users/mstai/onedrive/desktop/tesi robotica/psoc creator/4.2/psoc creator/import/gnu/arm/5.4.1/bin/../lib/gcc/arm-none-eabi/5.4.1/armv6-m/crtbegin.o

.bss            0x20000148       0xd0 load address 0x00003688
                0x20000148                PROVIDE (__bss_start__, .)
 *(.shbss)
 *(.bss .bss.* .gnu.linkonce.b.*)
 .bss           0x20000148       0x1c c:/users/mstai/onedrive/desktop/tesi robotica/psoc creator/4.2/psoc creator/import/gnu/arm/5.4.1/bin/../lib/gcc/arm-none-eabi/5.4.1/armv6-m/crtbegin.o
 .bss           0x20000164        0x1 .\CortexM0p\ARM_GCC_541\Debug\CMAS.a(CapSense_Control.o)
 *fill*         0x20000165        0x3 
 .bss           0x20000168        0x1 .\CortexM0p\ARM_GCC_541\Debug\CMAS.a(CapSense_Structure.o)
 *fill*         0x20000169        0x3 
 .bss           0x2000016c        0x4 .\CortexM0p\ARM_GCC_541\Debug\CMAS.a(CapSense_Tuner.o)
 .bss           0x20000170        0x4 .\CortexM0p\ARM_GCC_541\Debug\CMAS.a(CapSense_Sensing.o)
                0x20000170                CapSense_currentSenseMethod
                0x20000171                CapSense_requestScanAllWidget
                0x20000172                CapSense_sensorIndex
                0x20000173                CapSense_widgetIndex
 .bss           0x20000174        0x1 .\CortexM0p\ARM_GCC_541\Debug\CMAS.a(CapSense_SensingCSD_LL.o)
 *fill*         0x20000175        0x1 
 .bss           0x20000176        0x5 .\CortexM0p\ARM_GCC_541\Debug\CMAS.a(CapSense_SelfTest.o)
 *fill*         0x2000017b        0x1 
 .bss.__malloc_sbrk_start
                0x2000017c        0x4 c:/users/mstai/onedrive/desktop/tesi robotica/psoc creator/4.2/psoc creator/import/gnu/arm/5.4.1/bin/../lib/gcc/arm-none-eabi/5.4.1/../../../../arm-none-eabi/lib/armv6-m\libg_nano.a(lib_a-nano-mallocr.o)
                0x2000017c                __malloc_sbrk_start
 .bss.__malloc_free_list
                0x20000180        0x4 c:/users/mstai/onedrive/desktop/tesi robotica/psoc creator/4.2/psoc creator/import/gnu/arm/5.4.1/bin/../lib/gcc/arm-none-eabi/5.4.1/../../../../arm-none-eabi/lib/armv6-m\libg_nano.a(lib_a-nano-mallocr.o)
                0x20000180                __malloc_free_list
 *(COMMON)
 COMMON         0x20000184       0x84 .\CortexM0p\ARM_GCC_541\Debug\CMAS.a(CapSense_Structure.o)
                0x20000184                CapSense_dsRam
 COMMON         0x20000208        0x8 .\CortexM0p\ARM_GCC_541\Debug\CMAS.a(CapSense_Sensing.o)
                0x20000208                CapSense_curRamSnsPtr
                0x2000020c                CapSense_curSnsIOPtr
 COMMON         0x20000210        0x4 c:/users/mstai/onedrive/desktop/tesi robotica/psoc creator/4.2/psoc creator/import/gnu/arm/5.4.1/bin/../lib/gcc/arm-none-eabi/5.4.1/../../../../arm-none-eabi/lib/armv6-m\libg_nano.a(lib_a-reent.o)
                0x20000210                errno
                0x20000218                . = ALIGN (0x8)
 *fill*         0x20000214        0x4 
 *(.ram.b)
                0x20000218                _end = .
                0x20000218                __end = .
                0x20000218                PROVIDE (end, .)
                0x20000218                PROVIDE (__bss_end__, .)
                0x000035f0                __cy_region_init_ram = LOADADDR (.data)
                0x00000098                __cy_region_init_size_ram = (_edata - ADDR (.data))
                0x000000d0                __cy_region_zero_size_ram = (_end - _edata)

.heap           0x20000218      0x100 load address 0x00003688
                0x20000218                . = _end
                0x20000318                . = (. + 0x100)
 *fill*         0x20000218      0x100 
                0x20000318                __cy_heap_limit = .

.stack          0x20003c00      0x400
                0x20003c00                __cy_stack_limit = .
                0x20004000                . = (. + 0x400)
 *fill*         0x20003c00      0x400 
                0x00000001                ASSERT ((__cy_stack_limit >= __cy_heap_limit), region RAM overflowed with stack)
                0x00000000                cy_checksum_exclude_size = (CY_APPL_LOADABLE == 0x1)?SIZEOF (.cy_checksum_exclude):0x0
                0x00000001                ASSERT ((cy_checksum_exclude_size <= CY_CHECKSUM_EXCLUDE_SIZE), CY_BOOT: Section .cy_checksum_exclude size exceedes specified limit.)
                0x0001ffc0                cyloadermeta_start = (cy_project_type_bootloader || cy_project_type_app_for_stack_and_copier)?(LENGTH (rom) - CY_METADATA_SIZE):0xf0000000

.cyloadermeta
 *(.cyloadermeta)
                0x0001ffc0                cyloadablemeta_start = cy_project_type_app_for_stack_and_copier?((LENGTH (rom) - CY_FLASH_ROW_SIZE) - CY_METADATA_SIZE):((LENGTH (rom) - (CY_FLASH_ROW_SIZE * (CY_APPL_NUM - 0x1))) - CY_METADATA_SIZE)

.cyloadablemeta
 *(.cyloadablemeta)

.cyflashprotect
                0x90400000       0x40
 *(.cyflashprotect)
 .cyflashprotect
                0x90400000       0x40 .\CortexM0p\ARM_GCC_541\Debug\cymetadata.o
                0x90400000                cy_meta_flashprotect

.cymeta         0x90500000        0xc
 *(.cymeta)
 .cymeta        0x90500000        0xc .\CortexM0p\ARM_GCC_541\Debug\cymetadata.o
                0x90500000                cy_metadata

.cychipprotect  0x90600000        0x1
 *(.cychipprotect)
 .cychipprotect
                0x90600000        0x1 .\CortexM0p\ARM_GCC_541\Debug\cymetadata.o
                0x90600000                cy_meta_chipprotect

.rel.dyn        0x00003688        0x0 load address 0x90600004
 .rel.iplt      0x00003688        0x0 c:/users/mstai/onedrive/desktop/tesi robotica/psoc creator/4.2/psoc creator/import/gnu/arm/5.4.1/bin/../lib/gcc/arm-none-eabi/5.4.1/armv6-m/crtbegin.o

.stab
 *(.stab)

.stabstr
 *(.stabstr)

.debug
 *(.debug)

.line
 *(.line)

.debug_srcinfo
 *(.debug_srcinfo)

.debug_sfnames
 *(.debug_sfnames)

.debug_aranges  0x00000000      0xb68
 *(.debug_aranges)
 .debug_aranges
                0x00000000       0x28 .\CortexM0p\ARM_GCC_541\Debug\main.o
 .debug_aranges
                0x00000028       0x38 .\CortexM0p\ARM_GCC_541\Debug\cyfitter_cfg.o
 .debug_aranges
                0x00000060       0x18 .\CortexM0p\ARM_GCC_541\Debug\cymetadata.o
 .debug_aranges
                0x00000078       0x48 .\CortexM0p\ARM_GCC_541\Debug\Cm0plusStart.o
 .debug_aranges
                0x000000c0       0x50 .\CortexM0p\ARM_GCC_541\Debug\CMAS.a(SW_Tx_UART.o)
 .debug_aranges
                0x00000110       0x68 .\CortexM0p\ARM_GCC_541\Debug\CMAS.a(CapSense_Control.o)
 .debug_aranges
                0x00000178       0x48 .\CortexM0p\ARM_GCC_541\Debug\CMAS.a(CapSense_Processing.o)
 .debug_aranges
                0x000001c0       0x50 .\CortexM0p\ARM_GCC_541\Debug\CMAS.a(CapSense_Structure.o)
 .debug_aranges
                0x00000210       0x28 .\CortexM0p\ARM_GCC_541\Debug\CMAS.a(CapSense_Tuner.o)
 .debug_aranges
                0x00000238       0x70 .\CortexM0p\ARM_GCC_541\Debug\CMAS.a(CapSense_Filter.o)
 .debug_aranges
                0x000002a8       0xf0 .\CortexM0p\ARM_GCC_541\Debug\CMAS.a(CapSense_Sensing.o)
 .debug_aranges
                0x00000398       0xd0 .\CortexM0p\ARM_GCC_541\Debug\CMAS.a(CapSense_SensingCSD_LL.o)
 .debug_aranges
                0x00000468      0x1e8 .\CortexM0p\ARM_GCC_541\Debug\CMAS.a(CapSense_SelfTest.o)
 .debug_aranges
                0x00000650       0x80 .\CortexM0p\ARM_GCC_541\Debug\CMAS.a(CapSense_ISR.o)
 .debug_aranges
                0x000006d0      0x230 .\CortexM0p\ARM_GCC_541\Debug\CMAS.a(CyLib.o)
 .debug_aranges
                0x00000900      0x1a8 .\CortexM0p\ARM_GCC_541\Debug\CMAS.a(CyLFClk.o)
 .debug_aranges
                0x00000aa8       0x20 .\CortexM0p\ARM_GCC_541\Debug\CMAS.a(SW_Tx_UART_AsmGnu.o)
 .debug_aranges
                0x00000ac8       0x20 .\CortexM0p\ARM_GCC_541\Debug\CMAS.a(CyBootAsmGnu.o)
 .debug_aranges
                0x00000ae8       0x38 .\CortexM0p\ARM_GCC_541\Debug\CMAS.a(CapSense_INT.o)
 .debug_aranges
                0x00000b20       0x48 .\CortexM0p\ARM_GCC_541\Debug\CMAS.a(CyFlash.o)

.debug_pubnames
 *(.debug_pubnames)

.debug_info     0x00000000     0xc659
 *(.debug_info .gnu.linkonce.wi.*)
 .debug_info    0x00000000      0x2d2 .\CortexM0p\ARM_GCC_541\Debug\main.o
 .debug_info    0x000002d2      0x173 .\CortexM0p\ARM_GCC_541\Debug\cyfitter_cfg.o
 .debug_info    0x00000445       0xf8 .\CortexM0p\ARM_GCC_541\Debug\cymetadata.o
 .debug_info    0x0000053d      0x3a5 .\CortexM0p\ARM_GCC_541\Debug\Cm0plusStart.o
 .debug_info    0x000008e2      0x2c4 .\CortexM0p\ARM_GCC_541\Debug\CMAS.a(SW_Tx_UART.o)
 .debug_info    0x00000ba6      0xc7d .\CortexM0p\ARM_GCC_541\Debug\CMAS.a(CapSense_Control.o)
 .debug_info    0x00001823      0xbee .\CortexM0p\ARM_GCC_541\Debug\CMAS.a(CapSense_Processing.o)
 .debug_info    0x00002411      0xcfd .\CortexM0p\ARM_GCC_541\Debug\CMAS.a(CapSense_Structure.o)
 .debug_info    0x0000310e      0x83f .\CortexM0p\ARM_GCC_541\Debug\CMAS.a(CapSense_Tuner.o)
 .debug_info    0x0000394d      0x7ca .\CortexM0p\ARM_GCC_541\Debug\CMAS.a(CapSense_Filter.o)
 .debug_info    0x00004117     0x1447 .\CortexM0p\ARM_GCC_541\Debug\CMAS.a(CapSense_Sensing.o)
 .debug_info    0x0000555e     0x14e8 .\CortexM0p\ARM_GCC_541\Debug\CMAS.a(CapSense_SensingCSD_LL.o)
 .debug_info    0x00006a46     0x2737 .\CortexM0p\ARM_GCC_541\Debug\CMAS.a(CapSense_SelfTest.o)
 .debug_info    0x0000917d      0x305 .\CortexM0p\ARM_GCC_541\Debug\CMAS.a(CapSense_ISR.o)
 .debug_info    0x00009482     0x15fc .\CortexM0p\ARM_GCC_541\Debug\CMAS.a(CyLib.o)
 .debug_info    0x0000aa7e      0xd06 .\CortexM0p\ARM_GCC_541\Debug\CMAS.a(CyLFClk.o)
 .debug_info    0x0000b784       0x8c .\CortexM0p\ARM_GCC_541\Debug\CMAS.a(SW_Tx_UART_AsmGnu.o)
 .debug_info    0x0000b810       0x87 .\CortexM0p\ARM_GCC_541\Debug\CMAS.a(CyBootAsmGnu.o)
 .debug_info    0x0000b897      0x9a9 .\CortexM0p\ARM_GCC_541\Debug\CMAS.a(CapSense_INT.o)
 .debug_info    0x0000c240      0x419 .\CortexM0p\ARM_GCC_541\Debug\CMAS.a(CyFlash.o)

.debug_abbrev   0x00000000     0x1fc6
 *(.debug_abbrev)
 .debug_abbrev  0x00000000      0x14a .\CortexM0p\ARM_GCC_541\Debug\main.o
 .debug_abbrev  0x0000014a       0xfe .\CortexM0p\ARM_GCC_541\Debug\cyfitter_cfg.o
 .debug_abbrev  0x00000248       0x5d .\CortexM0p\ARM_GCC_541\Debug\cymetadata.o
 .debug_abbrev  0x000002a5      0x1d0 .\CortexM0p\ARM_GCC_541\Debug\Cm0plusStart.o
 .debug_abbrev  0x00000475      0x109 .\CortexM0p\ARM_GCC_541\Debug\CMAS.a(SW_Tx_UART.o)
 .debug_abbrev  0x0000057e      0x218 .\CortexM0p\ARM_GCC_541\Debug\CMAS.a(CapSense_Control.o)
 .debug_abbrev  0x00000796      0x1d1 .\CortexM0p\ARM_GCC_541\Debug\CMAS.a(CapSense_Processing.o)
 .debug_abbrev  0x00000967      0x237 .\CortexM0p\ARM_GCC_541\Debug\CMAS.a(CapSense_Structure.o)
 .debug_abbrev  0x00000b9e      0x166 .\CortexM0p\ARM_GCC_541\Debug\CMAS.a(CapSense_Tuner.o)
 .debug_abbrev  0x00000d04      0x204 .\CortexM0p\ARM_GCC_541\Debug\CMAS.a(CapSense_Filter.o)
 .debug_abbrev  0x00000f08      0x246 .\CortexM0p\ARM_GCC_541\Debug\CMAS.a(CapSense_Sensing.o)
 .debug_abbrev  0x0000114e      0x289 .\CortexM0p\ARM_GCC_541\Debug\CMAS.a(CapSense_SensingCSD_LL.o)
 .debug_abbrev  0x000013d7      0x288 .\CortexM0p\ARM_GCC_541\Debug\CMAS.a(CapSense_SelfTest.o)
 .debug_abbrev  0x0000165f      0x19a .\CortexM0p\ARM_GCC_541\Debug\CMAS.a(CapSense_ISR.o)
 .debug_abbrev  0x000017f9      0x279 .\CortexM0p\ARM_GCC_541\Debug\CMAS.a(CyLib.o)
 .debug_abbrev  0x00001a72      0x207 .\CortexM0p\ARM_GCC_541\Debug\CMAS.a(CyLFClk.o)
 .debug_abbrev  0x00001c79       0x14 .\CortexM0p\ARM_GCC_541\Debug\CMAS.a(SW_Tx_UART_AsmGnu.o)
 .debug_abbrev  0x00001c8d       0x14 .\CortexM0p\ARM_GCC_541\Debug\CMAS.a(CyBootAsmGnu.o)
 .debug_abbrev  0x00001ca1      0x187 .\CortexM0p\ARM_GCC_541\Debug\CMAS.a(CapSense_INT.o)
 .debug_abbrev  0x00001e28      0x19e .\CortexM0p\ARM_GCC_541\Debug\CMAS.a(CyFlash.o)

.debug_line     0x00000000     0x3953
 *(.debug_line)
 .debug_line    0x00000000      0x18d .\CortexM0p\ARM_GCC_541\Debug\main.o
 .debug_line    0x0000018d       0xc1 .\CortexM0p\ARM_GCC_541\Debug\cyfitter_cfg.o
 .debug_line    0x0000024e      0x15f .\CortexM0p\ARM_GCC_541\Debug\cymetadata.o
 .debug_line    0x000003ad      0x265 .\CortexM0p\ARM_GCC_541\Debug\Cm0plusStart.o
 .debug_line    0x00000612       0xf6 .\CortexM0p\ARM_GCC_541\Debug\CMAS.a(SW_Tx_UART.o)
 .debug_line    0x00000708      0x23b .\CortexM0p\ARM_GCC_541\Debug\CMAS.a(CapSense_Control.o)
 .debug_line    0x00000943      0x303 .\CortexM0p\ARM_GCC_541\Debug\CMAS.a(CapSense_Processing.o)
 .debug_line    0x00000c46      0x216 .\CortexM0p\ARM_GCC_541\Debug\CMAS.a(CapSense_Structure.o)
 .debug_line    0x00000e5c      0x11c .\CortexM0p\ARM_GCC_541\Debug\CMAS.a(CapSense_Tuner.o)
 .debug_line    0x00000f78      0x1db .\CortexM0p\ARM_GCC_541\Debug\CMAS.a(CapSense_Filter.o)
 .debug_line    0x00001153      0x5f6 .\CortexM0p\ARM_GCC_541\Debug\CMAS.a(CapSense_Sensing.o)
 .debug_line    0x00001749      0x4e0 .\CortexM0p\ARM_GCC_541\Debug\CMAS.a(CapSense_SensingCSD_LL.o)
 .debug_line    0x00001c29      0x9e2 .\CortexM0p\ARM_GCC_541\Debug\CMAS.a(CapSense_SelfTest.o)
 .debug_line    0x0000260b      0x158 .\CortexM0p\ARM_GCC_541\Debug\CMAS.a(CapSense_ISR.o)
 .debug_line    0x00002763      0x80e .\CortexM0p\ARM_GCC_541\Debug\CMAS.a(CyLib.o)
 .debug_line    0x00002f71      0x5c1 .\CortexM0p\ARM_GCC_541\Debug\CMAS.a(CyLFClk.o)
 .debug_line    0x00003532       0xa3 .\CortexM0p\ARM_GCC_541\Debug\CMAS.a(SW_Tx_UART_AsmGnu.o)
 .debug_line    0x000035d5       0x68 .\CortexM0p\ARM_GCC_541\Debug\CMAS.a(CyBootAsmGnu.o)
 .debug_line    0x0000363d      0x135 .\CortexM0p\ARM_GCC_541\Debug\CMAS.a(CapSense_INT.o)
 .debug_line    0x00003772      0x1e1 .\CortexM0p\ARM_GCC_541\Debug\CMAS.a(CyFlash.o)

.debug_frame    0x00000000     0x24a8
 *(.debug_frame)
 .debug_frame   0x00000000       0x48 .\CortexM0p\ARM_GCC_541\Debug\main.o
 .debug_frame   0x00000048       0x6c .\CortexM0p\ARM_GCC_541\Debug\cyfitter_cfg.o
 .debug_frame   0x000000b4       0xbc .\CortexM0p\ARM_GCC_541\Debug\Cm0plusStart.o
 .debug_frame   0x00000170       0xc8 .\CortexM0p\ARM_GCC_541\Debug\CMAS.a(SW_Tx_UART.o)
 .debug_frame   0x00000238      0x124 .\CortexM0p\ARM_GCC_541\Debug\CMAS.a(CapSense_Control.o)
 .debug_frame   0x0000035c       0xe0 .\CortexM0p\ARM_GCC_541\Debug\CMAS.a(CapSense_Processing.o)
 .debug_frame   0x0000043c       0xd0 .\CortexM0p\ARM_GCC_541\Debug\CMAS.a(CapSense_Structure.o)
 .debug_frame   0x0000050c       0x40 .\CortexM0p\ARM_GCC_541\Debug\CMAS.a(CapSense_Tuner.o)
 .debug_frame   0x0000054c      0x144 .\CortexM0p\ARM_GCC_541\Debug\CMAS.a(CapSense_Filter.o)
 .debug_frame   0x00000690      0x308 .\CortexM0p\ARM_GCC_541\Debug\CMAS.a(CapSense_Sensing.o)
 .debug_frame   0x00000998      0x2fc .\CortexM0p\ARM_GCC_541\Debug\CMAS.a(CapSense_SensingCSD_LL.o)
 .debug_frame   0x00000c94      0x6d4 .\CortexM0p\ARM_GCC_541\Debug\CMAS.a(CapSense_SelfTest.o)
 .debug_frame   0x00001368      0x110 .\CortexM0p\ARM_GCC_541\Debug\CMAS.a(CapSense_ISR.o)
 .debug_frame   0x00001478      0x674 .\CortexM0p\ARM_GCC_541\Debug\CMAS.a(CyLib.o)
 .debug_frame   0x00001aec      0x484 .\CortexM0p\ARM_GCC_541\Debug\CMAS.a(CyLFClk.o)
 .debug_frame   0x00001f70       0x78 .\CortexM0p\ARM_GCC_541\Debug\CMAS.a(CapSense_INT.o)
 .debug_frame   0x00001fe8       0xa8 .\CortexM0p\ARM_GCC_541\Debug\CMAS.a(CyFlash.o)
 .debug_frame   0x00002090       0x20 c:/users/mstai/onedrive/desktop/tesi robotica/psoc creator/4.2/psoc creator/import/gnu/arm/5.4.1/bin/../lib/gcc/arm-none-eabi/5.4.1/armv6-m\libgcc.a(_udivsi3.o)
 .debug_frame   0x000020b0       0x20 c:/users/mstai/onedrive/desktop/tesi robotica/psoc creator/4.2/psoc creator/import/gnu/arm/5.4.1/bin/../lib/gcc/arm-none-eabi/5.4.1/armv6-m\libgcc.a(_divsi3.o)
 .debug_frame   0x000020d0       0x34 c:/users/mstai/onedrive/desktop/tesi robotica/psoc creator/4.2/psoc creator/import/gnu/arm/5.4.1/bin/../lib/gcc/arm-none-eabi/5.4.1/armv6-m\libgcc.a(_muldi3.o)
 .debug_frame   0x00002104       0x3c c:/users/mstai/onedrive/desktop/tesi robotica/psoc creator/4.2/psoc creator/import/gnu/arm/5.4.1/bin/../lib/gcc/arm-none-eabi/5.4.1/armv6-m\libgcc.a(_udivmoddi4.o)
 .debug_frame   0x00002140       0x20 c:/users/mstai/onedrive/desktop/tesi robotica/psoc creator/4.2/psoc creator/import/gnu/arm/5.4.1/bin/../lib/gcc/arm-none-eabi/5.4.1/../../../../arm-none-eabi/lib/armv6-m\libg_nano.a(lib_a-errno.o)
 .debug_frame   0x00002160       0x28 c:/users/mstai/onedrive/desktop/tesi robotica/psoc creator/4.2/psoc creator/import/gnu/arm/5.4.1/bin/../lib/gcc/arm-none-eabi/5.4.1/../../../../arm-none-eabi/lib/armv6-m\libg_nano.a(lib_a-exit.o)
 .debug_frame   0x00002188       0x2c c:/users/mstai/onedrive/desktop/tesi robotica/psoc creator/4.2/psoc creator/import/gnu/arm/5.4.1/bin/../lib/gcc/arm-none-eabi/5.4.1/../../../../arm-none-eabi/lib/armv6-m\libg_nano.a(lib_a-init.o)
 .debug_frame   0x000021b4       0x28 c:/users/mstai/onedrive/desktop/tesi robotica/psoc creator/4.2/psoc creator/import/gnu/arm/5.4.1/bin/../lib/gcc/arm-none-eabi/5.4.1/../../../../arm-none-eabi/lib/armv6-m\libg_nano.a(lib_a-memcpy-stub.o)
 .debug_frame   0x000021dc       0x20 c:/users/mstai/onedrive/desktop/tesi robotica/psoc creator/4.2/psoc creator/import/gnu/arm/5.4.1/bin/../lib/gcc/arm-none-eabi/5.4.1/../../../../arm-none-eabi/lib/armv6-m\libg_nano.a(lib_a-memset.o)
 .debug_frame   0x000021fc       0x50 c:/users/mstai/onedrive/desktop/tesi robotica/psoc creator/4.2/psoc creator/import/gnu/arm/5.4.1/bin/../lib/gcc/arm-none-eabi/5.4.1/../../../../arm-none-eabi/lib/armv6-m\libg_nano.a(lib_a-sprintf.o)
 .debug_frame   0x0000224c       0x74 c:/users/mstai/onedrive/desktop/tesi robotica/psoc creator/4.2/psoc creator/import/gnu/arm/5.4.1/bin/../lib/gcc/arm-none-eabi/5.4.1/../../../../arm-none-eabi/lib/armv6-m\libg_nano.a(lib_a-nano-svfprintf.o)
 .debug_frame   0x000022c0       0x54 c:/users/mstai/onedrive/desktop/tesi robotica/psoc creator/4.2/psoc creator/import/gnu/arm/5.4.1/bin/../lib/gcc/arm-none-eabi/5.4.1/../../../../arm-none-eabi/lib/armv6-m\libg_nano.a(lib_a-nano-vfprintf_i.o)
 .debug_frame   0x00002314       0x20 c:/users/mstai/onedrive/desktop/tesi robotica/psoc creator/4.2/psoc creator/import/gnu/arm/5.4.1/bin/../lib/gcc/arm-none-eabi/5.4.1/../../../../arm-none-eabi/lib/armv6-m\libg_nano.a(lib_a-memchr-stub.o)
 .debug_frame   0x00002334       0x28 c:/users/mstai/onedrive/desktop/tesi robotica/psoc creator/4.2/psoc creator/import/gnu/arm/5.4.1/bin/../lib/gcc/arm-none-eabi/5.4.1/../../../../arm-none-eabi/lib/armv6-m\libg_nano.a(lib_a-memmove.o)
 .debug_frame   0x0000235c       0x2c c:/users/mstai/onedrive/desktop/tesi robotica/psoc creator/4.2/psoc creator/import/gnu/arm/5.4.1/bin/../lib/gcc/arm-none-eabi/5.4.1/../../../../arm-none-eabi/lib/armv6-m\libg_nano.a(lib_a-nano-freer.o)
 .debug_frame   0x00002388       0x2c c:/users/mstai/onedrive/desktop/tesi robotica/psoc creator/4.2/psoc creator/import/gnu/arm/5.4.1/bin/../lib/gcc/arm-none-eabi/5.4.1/../../../../arm-none-eabi/lib/armv6-m\libg_nano.a(lib_a-nano-mallocr.o)
 .debug_frame   0x000023b4       0x30 c:/users/mstai/onedrive/desktop/tesi robotica/psoc creator/4.2/psoc creator/import/gnu/arm/5.4.1/bin/../lib/gcc/arm-none-eabi/5.4.1/../../../../arm-none-eabi/lib/armv6-m\libg_nano.a(lib_a-nano-reallocr.o)
 .debug_frame   0x000023e4       0x2c c:/users/mstai/onedrive/desktop/tesi robotica/psoc creator/4.2/psoc creator/import/gnu/arm/5.4.1/bin/../lib/gcc/arm-none-eabi/5.4.1/../../../../arm-none-eabi/lib/armv6-m\libg_nano.a(lib_a-sbrkr.o)
 .debug_frame   0x00002410       0x30 c:/users/mstai/onedrive/desktop/tesi robotica/psoc creator/4.2/psoc creator/import/gnu/arm/5.4.1/bin/../lib/gcc/arm-none-eabi/5.4.1/../../../../arm-none-eabi/lib/armv6-m\libg_nano.a(lib_a-mlock.o)
 .debug_frame   0x00002440       0x20 c:/users/mstai/onedrive/desktop/tesi robotica/psoc creator/4.2/psoc creator/import/gnu/arm/5.4.1/bin/../lib/gcc/arm-none-eabi/5.4.1/../../../../arm-none-eabi/lib/armv6-m\libg_nano.a(lib_a-nano-msizer.o)
 .debug_frame   0x00002460       0x48 c:/users/mstai/onedrive/desktop/tesi robotica/psoc creator/4.2/psoc creator/import/gnu/arm/5.4.1/bin/../lib/gcc/arm-none-eabi/5.4.1/../../../../arm-none-eabi/lib/armv6-m\libg_nano.a(lib_a-reent.o)

.debug_str      0x00000000     0x3d97
 *(.debug_str)
 .debug_str     0x00000000      0x360 .\CortexM0p\ARM_GCC_541\Debug\main.o
                                0x3a0 (size before relaxing)
 .debug_str     0x00000360       0xae .\CortexM0p\ARM_GCC_541\Debug\cyfitter_cfg.o
                                0x22b (size before relaxing)
 .debug_str     0x0000040e       0xb9 .\CortexM0p\ARM_GCC_541\Debug\cymetadata.o
                                0x1e0 (size before relaxing)
 .debug_str     0x000004c7      0x155 .\CortexM0p\ARM_GCC_541\Debug\Cm0plusStart.o
                                0x30a (size before relaxing)
 .debug_str     0x0000061c      0x137 .\CortexM0p\ARM_GCC_541\Debug\CMAS.a(SW_Tx_UART.o)
                                0x2e0 (size before relaxing)
 .debug_str     0x00000753      0x9a7 .\CortexM0p\ARM_GCC_541\Debug\CMAS.a(CapSense_Control.o)
                                0xb8a (size before relaxing)
 .debug_str     0x000010fa      0x141 .\CortexM0p\ARM_GCC_541\Debug\CMAS.a(CapSense_Processing.o)
                                0xa38 (size before relaxing)
 .debug_str     0x0000123b      0x222 .\CortexM0p\ARM_GCC_541\Debug\CMAS.a(CapSense_Structure.o)
                                0xa40 (size before relaxing)
 .debug_str     0x0000145d      0x15f .\CortexM0p\ARM_GCC_541\Debug\CMAS.a(CapSense_Tuner.o)
                                0x88b (size before relaxing)
 .debug_str     0x000015bc      0x1ba .\CortexM0p\ARM_GCC_541\Debug\CMAS.a(CapSense_Filter.o)
                                0x67e (size before relaxing)
 .debug_str     0x00001776      0x6d4 .\CortexM0p\ARM_GCC_541\Debug\CMAS.a(CapSense_Sensing.o)
                                0xfc5 (size before relaxing)
 .debug_str     0x00001e4a      0x39c .\CortexM0p\ARM_GCC_541\Debug\CMAS.a(CapSense_SensingCSD_LL.o)
                                0xe9d (size before relaxing)
 .debug_str     0x000021e6      0xae6 .\CortexM0p\ARM_GCC_541\Debug\CMAS.a(CapSense_SelfTest.o)
                               0x1763 (size before relaxing)
 .debug_str     0x00002ccc      0x14b .\CortexM0p\ARM_GCC_541\Debug\CMAS.a(CapSense_ISR.o)
                                0x347 (size before relaxing)
 .debug_str     0x00002e17      0x796 .\CortexM0p\ARM_GCC_541\Debug\CMAS.a(CyLib.o)
                                0xa32 (size before relaxing)
 .debug_str     0x000035ad      0x634 .\CortexM0p\ARM_GCC_541\Debug\CMAS.a(CyLFClk.o)
                                0x894 (size before relaxing)
 .debug_str     0x00003be1       0x99 .\CortexM0p\ARM_GCC_541\Debug\CMAS.a(CapSense_INT.o)
                                0x915 (size before relaxing)
 .debug_str     0x00003c7a      0x11d .\CortexM0p\ARM_GCC_541\Debug\CMAS.a(CyFlash.o)
                                0x31d (size before relaxing)

.debug_loc      0x00000000     0x73f9
 *(.debug_loc)
 .debug_loc     0x00000000       0x74 .\CortexM0p\ARM_GCC_541\Debug\main.o
 .debug_loc     0x00000074       0x35 .\CortexM0p\ARM_GCC_541\Debug\cyfitter_cfg.o
 .debug_loc     0x000000a9      0x14f .\CortexM0p\ARM_GCC_541\Debug\Cm0plusStart.o
 .debug_loc     0x000001f8      0x12d .\CortexM0p\ARM_GCC_541\Debug\CMAS.a(SW_Tx_UART.o)
 .debug_loc     0x00000325      0x47c .\CortexM0p\ARM_GCC_541\Debug\CMAS.a(CapSense_Control.o)
 .debug_loc     0x000007a1      0x54d .\CortexM0p\ARM_GCC_541\Debug\CMAS.a(CapSense_Processing.o)
 .debug_loc     0x00000cee      0x4a8 .\CortexM0p\ARM_GCC_541\Debug\CMAS.a(CapSense_Structure.o)
 .debug_loc     0x00001196      0x176 .\CortexM0p\ARM_GCC_541\Debug\CMAS.a(CapSense_Tuner.o)
 .debug_loc     0x0000130c      0x647 .\CortexM0p\ARM_GCC_541\Debug\CMAS.a(CapSense_Filter.o)
 .debug_loc     0x00001953      0x9e6 .\CortexM0p\ARM_GCC_541\Debug\CMAS.a(CapSense_Sensing.o)
 .debug_loc     0x00002339      0xeaa .\CortexM0p\ARM_GCC_541\Debug\CMAS.a(CapSense_SensingCSD_LL.o)
 .debug_loc     0x000031e3     0x1e2d .\CortexM0p\ARM_GCC_541\Debug\CMAS.a(CapSense_SelfTest.o)
 .debug_loc     0x00005010       0x82 .\CortexM0p\ARM_GCC_541\Debug\CMAS.a(CapSense_ISR.o)
 .debug_loc     0x00005092     0x1653 .\CortexM0p\ARM_GCC_541\Debug\CMAS.a(CyLib.o)
 .debug_loc     0x000066e5      0xa88 .\CortexM0p\ARM_GCC_541\Debug\CMAS.a(CyLFClk.o)
 .debug_loc     0x0000716d       0xcf .\CortexM0p\ARM_GCC_541\Debug\CMAS.a(CapSense_INT.o)
 .debug_loc     0x0000723c      0x1bd .\CortexM0p\ARM_GCC_541\Debug\CMAS.a(CyFlash.o)

.debug_macinfo
 *(.debug_macinfo)

.debug_ranges   0x00000000      0xa00
 *(.debug_ranges)
 .debug_ranges  0x00000000       0x18 .\CortexM0p\ARM_GCC_541\Debug\main.o
 .debug_ranges  0x00000018       0x28 .\CortexM0p\ARM_GCC_541\Debug\cyfitter_cfg.o
 .debug_ranges  0x00000040       0x38 .\CortexM0p\ARM_GCC_541\Debug\Cm0plusStart.o
 .debug_ranges  0x00000078       0x40 .\CortexM0p\ARM_GCC_541\Debug\CMAS.a(SW_Tx_UART.o)
 .debug_ranges  0x000000b8       0x58 .\CortexM0p\ARM_GCC_541\Debug\CMAS.a(CapSense_Control.o)
 .debug_ranges  0x00000110       0x38 .\CortexM0p\ARM_GCC_541\Debug\CMAS.a(CapSense_Processing.o)
 .debug_ranges  0x00000148       0x40 .\CortexM0p\ARM_GCC_541\Debug\CMAS.a(CapSense_Structure.o)
 .debug_ranges  0x00000188       0x18 .\CortexM0p\ARM_GCC_541\Debug\CMAS.a(CapSense_Tuner.o)
 .debug_ranges  0x000001a0       0x60 .\CortexM0p\ARM_GCC_541\Debug\CMAS.a(CapSense_Filter.o)
 .debug_ranges  0x00000200       0xe0 .\CortexM0p\ARM_GCC_541\Debug\CMAS.a(CapSense_Sensing.o)
 .debug_ranges  0x000002e0       0xc0 .\CortexM0p\ARM_GCC_541\Debug\CMAS.a(CapSense_SensingCSD_LL.o)
 .debug_ranges  0x000003a0      0x1d8 .\CortexM0p\ARM_GCC_541\Debug\CMAS.a(CapSense_SelfTest.o)
 .debug_ranges  0x00000578       0x70 .\CortexM0p\ARM_GCC_541\Debug\CMAS.a(CapSense_ISR.o)
 .debug_ranges  0x000005e8      0x220 .\CortexM0p\ARM_GCC_541\Debug\CMAS.a(CyLib.o)
 .debug_ranges  0x00000808      0x198 .\CortexM0p\ARM_GCC_541\Debug\CMAS.a(CyLFClk.o)
 .debug_ranges  0x000009a0       0x28 .\CortexM0p\ARM_GCC_541\Debug\CMAS.a(CapSense_INT.o)
 .debug_ranges  0x000009c8       0x38 .\CortexM0p\ARM_GCC_541\Debug\CMAS.a(CyFlash.o)

.comment        0x00000000       0x6e
 .comment       0x00000000       0x6e .\CortexM0p\ARM_GCC_541\Debug\main.o
                                 0x6f (size before relaxing)
 .comment       0x0000006e       0x6f .\CortexM0p\ARM_GCC_541\Debug\cyfitter_cfg.o
 .comment       0x0000006e       0x6f .\CortexM0p\ARM_GCC_541\Debug\cymetadata.o
 .comment       0x0000006e       0x6f .\CortexM0p\ARM_GCC_541\Debug\Cm0plusStart.o
 .comment       0x0000006e       0x6f .\CortexM0p\ARM_GCC_541\Debug\CMAS.a(SW_Tx_UART.o)
 .comment       0x0000006e       0x6f .\CortexM0p\ARM_GCC_541\Debug\CMAS.a(CapSense_Control.o)
 .comment       0x0000006e       0x6f .\CortexM0p\ARM_GCC_541\Debug\CMAS.a(CapSense_Processing.o)
 .comment       0x0000006e       0x6f .\CortexM0p\ARM_GCC_541\Debug\CMAS.a(CapSense_Structure.o)
 .comment       0x0000006e       0x6f .\CortexM0p\ARM_GCC_541\Debug\CMAS.a(CapSense_Tuner.o)
 .comment       0x0000006e       0x6f .\CortexM0p\ARM_GCC_541\Debug\CMAS.a(CapSense_Filter.o)
 .comment       0x0000006e       0x6f .\CortexM0p\ARM_GCC_541\Debug\CMAS.a(CapSense_Sensing.o)
 .comment       0x0000006e       0x6f .\CortexM0p\ARM_GCC_541\Debug\CMAS.a(CapSense_SensingCSD_LL.o)
 .comment       0x0000006e       0x6f .\CortexM0p\ARM_GCC_541\Debug\CMAS.a(CapSense_SelfTest.o)
 .comment       0x0000006e       0x6f .\CortexM0p\ARM_GCC_541\Debug\CMAS.a(CapSense_ISR.o)
 .comment       0x0000006e       0x6f .\CortexM0p\ARM_GCC_541\Debug\CMAS.a(CyLib.o)
 .comment       0x0000006e       0x6f .\CortexM0p\ARM_GCC_541\Debug\CMAS.a(CyLFClk.o)
 .comment       0x0000006e       0x6f .\CortexM0p\ARM_GCC_541\Debug\CMAS.a(CapSense_INT.o)
 .comment       0x0000006e       0x6f .\CortexM0p\ARM_GCC_541\Debug\CMAS.a(CyFlash.o)

.debug_weaknames
 *(.debug_weaknames)

.debug_funcnames
 *(.debug_funcnames)

.debug_typenames
 *(.debug_typenames)

.debug_varnames
 *(.debug_varnames)

.note.gnu.arm.ident
 *(.note.gnu.arm.ident)

.ARM.attributes
                0x00000000       0x28
 *(.ARM.attributes)
 .ARM.attributes
                0x00000000       0x1e c:/users/mstai/onedrive/desktop/tesi robotica/psoc creator/4.2/psoc creator/import/gnu/arm/5.4.1/bin/../lib/gcc/arm-none-eabi/5.4.1/armv6-m/crti.o
 .ARM.attributes
                0x0000001e       0x2c c:/users/mstai/onedrive/desktop/tesi robotica/psoc creator/4.2/psoc creator/import/gnu/arm/5.4.1/bin/../lib/gcc/arm-none-eabi/5.4.1/armv6-m/crtbegin.o
 .ARM.attributes
                0x0000004a       0x1b c:/users/mstai/onedrive/desktop/tesi robotica/psoc creator/4.2/psoc creator/import/gnu/arm/5.4.1/bin/../lib/gcc/arm-none-eabi/5.4.1/../../../../arm-none-eabi/lib/armv6-m/crt0.o
 .ARM.attributes
                0x00000065       0x32 .\CortexM0p\ARM_GCC_541\Debug\main.o
 .ARM.attributes
                0x00000097       0x32 .\CortexM0p\ARM_GCC_541\Debug\cyfitter_cfg.o
 .ARM.attributes
                0x000000c9       0x32 .\CortexM0p\ARM_GCC_541\Debug\cymetadata.o
 .ARM.attributes
                0x000000fb       0x32 .\CortexM0p\ARM_GCC_541\Debug\Cm0plusStart.o
 .ARM.attributes
                0x0000012d       0x32 .\CortexM0p\ARM_GCC_541\Debug\CMAS.a(SW_Tx_UART.o)
 .ARM.attributes
                0x0000015f       0x32 .\CortexM0p\ARM_GCC_541\Debug\CMAS.a(CapSense_Control.o)
 .ARM.attributes
                0x00000191       0x32 .\CortexM0p\ARM_GCC_541\Debug\CMAS.a(CapSense_Processing.o)
 .ARM.attributes
                0x000001c3       0x32 .\CortexM0p\ARM_GCC_541\Debug\CMAS.a(CapSense_Structure.o)
 .ARM.attributes
                0x000001f5       0x32 .\CortexM0p\ARM_GCC_541\Debug\CMAS.a(CapSense_Tuner.o)
 .ARM.attributes
                0x00000227       0x32 .\CortexM0p\ARM_GCC_541\Debug\CMAS.a(CapSense_Filter.o)
 .ARM.attributes
                0x00000259       0x32 .\CortexM0p\ARM_GCC_541\Debug\CMAS.a(CapSense_Sensing.o)
 .ARM.attributes
                0x0000028b       0x32 .\CortexM0p\ARM_GCC_541\Debug\CMAS.a(CapSense_SensingCSD_LL.o)
 .ARM.attributes
                0x000002bd       0x32 .\CortexM0p\ARM_GCC_541\Debug\CMAS.a(CapSense_SelfTest.o)
 .ARM.attributes
                0x000002ef       0x32 .\CortexM0p\ARM_GCC_541\Debug\CMAS.a(CapSense_ISR.o)
 .ARM.attributes
                0x00000321       0x32 .\CortexM0p\ARM_GCC_541\Debug\CMAS.a(CyLib.o)
 .ARM.attributes
                0x00000353       0x32 .\CortexM0p\ARM_GCC_541\Debug\CMAS.a(CyLFClk.o)
 .ARM.attributes
                0x00000385       0x22 .\CortexM0p\ARM_GCC_541\Debug\CMAS.a(SW_Tx_UART_AsmGnu.o)
 .ARM.attributes
                0x000003a7       0x22 .\CortexM0p\ARM_GCC_541\Debug\CMAS.a(CyBootAsmGnu.o)
 .ARM.attributes
                0x000003c9       0x32 .\CortexM0p\ARM_GCC_541\Debug\CMAS.a(CapSense_INT.o)
 .ARM.attributes
                0x000003fb       0x32 .\CortexM0p\ARM_GCC_541\Debug\CMAS.a(CyFlash.o)
 .ARM.attributes
                0x0000042d       0x1e c:/users/mstai/onedrive/desktop/tesi robotica/psoc creator/4.2/psoc creator/import/gnu/arm/5.4.1/bin/../lib/gcc/arm-none-eabi/5.4.1/armv6-m\libgcc.a(_udivsi3.o)
 .ARM.attributes
                0x0000044b       0x1e c:/users/mstai/onedrive/desktop/tesi robotica/psoc creator/4.2/psoc creator/import/gnu/arm/5.4.1/bin/../lib/gcc/arm-none-eabi/5.4.1/armv6-m\libgcc.a(_divsi3.o)
 .ARM.attributes
                0x00000469       0x1e c:/users/mstai/onedrive/desktop/tesi robotica/psoc creator/4.2/psoc creator/import/gnu/arm/5.4.1/bin/../lib/gcc/arm-none-eabi/5.4.1/armv6-m\libgcc.a(_dvmd_tls.o)
 .ARM.attributes
                0x00000487       0x1e c:/users/mstai/onedrive/desktop/tesi robotica/psoc creator/4.2/psoc creator/import/gnu/arm/5.4.1/bin/../lib/gcc/arm-none-eabi/5.4.1/armv6-m\libgcc.a(_aeabi_uldivmod.o)
 .ARM.attributes
                0x000004a5       0x2c c:/users/mstai/onedrive/desktop/tesi robotica/psoc creator/4.2/psoc creator/import/gnu/arm/5.4.1/bin/../lib/gcc/arm-none-eabi/5.4.1/armv6-m\libgcc.a(_muldi3.o)
 .ARM.attributes
                0x000004d1       0x2c c:/users/mstai/onedrive/desktop/tesi robotica/psoc creator/4.2/psoc creator/import/gnu/arm/5.4.1/bin/../lib/gcc/arm-none-eabi/5.4.1/armv6-m\libgcc.a(_udivmoddi4.o)
 .ARM.attributes
                0x000004fd       0x1e c:/users/mstai/onedrive/desktop/tesi robotica/psoc creator/4.2/psoc creator/import/gnu/arm/5.4.1/bin/../lib/gcc/arm-none-eabi/5.4.1/armv6-m\libgcc.a(_clzdi2.o)
 .ARM.attributes
                0x0000051b       0x1e c:/users/mstai/onedrive/desktop/tesi robotica/psoc creator/4.2/psoc creator/import/gnu/arm/5.4.1/bin/../lib/gcc/arm-none-eabi/5.4.1/armv6-m\libgcc.a(_clzsi2.o)
 .ARM.attributes
                0x00000539       0x2c c:/users/mstai/onedrive/desktop/tesi robotica/psoc creator/4.2/psoc creator/import/gnu/arm/5.4.1/bin/../lib/gcc/arm-none-eabi/5.4.1/../../../../arm-none-eabi/lib/armv6-m\libg_nano.a(lib_a-errno.o)
 .ARM.attributes
                0x00000565       0x2c c:/users/mstai/onedrive/desktop/tesi robotica/psoc creator/4.2/psoc creator/import/gnu/arm/5.4.1/bin/../lib/gcc/arm-none-eabi/5.4.1/../../../../arm-none-eabi/lib/armv6-m\libg_nano.a(lib_a-exit.o)
 .ARM.attributes
                0x00000591       0x2c c:/users/mstai/onedrive/desktop/tesi robotica/psoc creator/4.2/psoc creator/import/gnu/arm/5.4.1/bin/../lib/gcc/arm-none-eabi/5.4.1/../../../../arm-none-eabi/lib/armv6-m\libg_nano.a(lib_a-impure.o)
 .ARM.attributes
                0x000005bd       0x2c c:/users/mstai/onedrive/desktop/tesi robotica/psoc creator/4.2/psoc creator/import/gnu/arm/5.4.1/bin/../lib/gcc/arm-none-eabi/5.4.1/../../../../arm-none-eabi/lib/armv6-m\libg_nano.a(lib_a-init.o)
 .ARM.attributes
                0x000005e9       0x2c c:/users/mstai/onedrive/desktop/tesi robotica/psoc creator/4.2/psoc creator/import/gnu/arm/5.4.1/bin/../lib/gcc/arm-none-eabi/5.4.1/../../../../arm-none-eabi/lib/armv6-m\libg_nano.a(lib_a-memcpy-stub.o)
 .ARM.attributes
                0x00000615       0x2c c:/users/mstai/onedrive/desktop/tesi robotica/psoc creator/4.2/psoc creator/import/gnu/arm/5.4.1/bin/../lib/gcc/arm-none-eabi/5.4.1/../../../../arm-none-eabi/lib/armv6-m\libg_nano.a(lib_a-memset.o)
 .ARM.attributes
                0x00000641       0x2c c:/users/mstai/onedrive/desktop/tesi robotica/psoc creator/4.2/psoc creator/import/gnu/arm/5.4.1/bin/../lib/gcc/arm-none-eabi/5.4.1/../../../../arm-none-eabi/lib/armv6-m\libg_nano.a(lib_a-sprintf.o)
 .ARM.attributes
                0x0000066d       0x2c c:/users/mstai/onedrive/desktop/tesi robotica/psoc creator/4.2/psoc creator/import/gnu/arm/5.4.1/bin/../lib/gcc/arm-none-eabi/5.4.1/../../../../arm-none-eabi/lib/armv6-m\libg_nano.a(lib_a-nano-svfprintf.o)
 .ARM.attributes
                0x00000699       0x2c c:/users/mstai/onedrive/desktop/tesi robotica/psoc creator/4.2/psoc creator/import/gnu/arm/5.4.1/bin/../lib/gcc/arm-none-eabi/5.4.1/../../../../arm-none-eabi/lib/armv6-m\libg_nano.a(lib_a-nano-vfprintf_i.o)
 .ARM.attributes
                0x000006c5       0x2c c:/users/mstai/onedrive/desktop/tesi robotica/psoc creator/4.2/psoc creator/import/gnu/arm/5.4.1/bin/../lib/gcc/arm-none-eabi/5.4.1/../../../../arm-none-eabi/lib/armv6-m\libg_nano.a(lib_a-memchr-stub.o)
 .ARM.attributes
                0x000006f1       0x2c c:/users/mstai/onedrive/desktop/tesi robotica/psoc creator/4.2/psoc creator/import/gnu/arm/5.4.1/bin/../lib/gcc/arm-none-eabi/5.4.1/../../../../arm-none-eabi/lib/armv6-m\libg_nano.a(lib_a-memmove.o)
 .ARM.attributes
                0x0000071d       0x2c c:/users/mstai/onedrive/desktop/tesi robotica/psoc creator/4.2/psoc creator/import/gnu/arm/5.4.1/bin/../lib/gcc/arm-none-eabi/5.4.1/../../../../arm-none-eabi/lib/armv6-m\libg_nano.a(lib_a-nano-freer.o)
 .ARM.attributes
                0x00000749       0x2c c:/users/mstai/onedrive/desktop/tesi robotica/psoc creator/4.2/psoc creator/import/gnu/arm/5.4.1/bin/../lib/gcc/arm-none-eabi/5.4.1/../../../../arm-none-eabi/lib/armv6-m\libg_nano.a(lib_a-nano-mallocr.o)
 .ARM.attributes
                0x00000775       0x2c c:/users/mstai/onedrive/desktop/tesi robotica/psoc creator/4.2/psoc creator/import/gnu/arm/5.4.1/bin/../lib/gcc/arm-none-eabi/5.4.1/../../../../arm-none-eabi/lib/armv6-m\libg_nano.a(lib_a-nano-reallocr.o)
 .ARM.attributes
                0x000007a1       0x2c c:/users/mstai/onedrive/desktop/tesi robotica/psoc creator/4.2/psoc creator/import/gnu/arm/5.4.1/bin/../lib/gcc/arm-none-eabi/5.4.1/../../../../arm-none-eabi/lib/armv6-m\libg_nano.a(lib_a-sbrkr.o)
 .ARM.attributes
                0x000007cd       0x2c c:/users/mstai/onedrive/desktop/tesi robotica/psoc creator/4.2/psoc creator/import/gnu/arm/5.4.1/bin/../lib/gcc/arm-none-eabi/5.4.1/../../../../arm-none-eabi/lib/armv6-m\libg_nano.a(lib_a-mlock.o)
 .ARM.attributes
                0x000007f9       0x2c c:/users/mstai/onedrive/desktop/tesi robotica/psoc creator/4.2/psoc creator/import/gnu/arm/5.4.1/bin/../lib/gcc/arm-none-eabi/5.4.1/../../../../arm-none-eabi/lib/armv6-m\libg_nano.a(lib_a-nano-msizer.o)
 .ARM.attributes
                0x00000825       0x2c c:/users/mstai/onedrive/desktop/tesi robotica/psoc creator/4.2/psoc creator/import/gnu/arm/5.4.1/bin/../lib/gcc/arm-none-eabi/5.4.1/../../../../arm-none-eabi/lib/armv6-m\libg_nano.a(lib_a-reent.o)
 .ARM.attributes
                0x00000851       0x2c c:/users/mstai/onedrive/desktop/tesi robotica/psoc creator/4.2/psoc creator/import/gnu/arm/5.4.1/bin/../lib/gcc/arm-none-eabi/5.4.1/armv6-m/crtend.o
 .ARM.attributes
                0x0000087d       0x1e c:/users/mstai/onedrive/desktop/tesi robotica/psoc creator/4.2/psoc creator/import/gnu/arm/5.4.1/bin/../lib/gcc/arm-none-eabi/5.4.1/armv6-m/crtn.o

/DISCARD/
 *(.note.GNU-stack)
OUTPUT(C:\Users\mstai\OneDrive\Desktop\TESI ROBOTICA\CMAS.cydsn\CortexM0p\ARM_GCC_541\Debug\CMAS.elf elf32-littlearm)
